Archive member included to satisfy reference by file (symbol)

c:/program files (x86)/atollic/truestudio for stm32 9.3.0/armtools/bin/../lib/gcc/arm-atollic-eabi/6.3.1/../../../../arm-atollic-eabi/lib/armv7e-m/fpu\libc_nano.a(lib_a-init.o)
                              startup\startup_stm32f446xx.o (__libc_init_array)
c:/program files (x86)/atollic/truestudio for stm32 9.3.0/armtools/bin/../lib/gcc/arm-atollic-eabi/6.3.1/../../../../arm-atollic-eabi/lib/armv7e-m/fpu\libc_nano.a(lib_a-puts.o)
                              Src\main.o (puts)
c:/program files (x86)/atollic/truestudio for stm32 9.3.0/armtools/bin/../lib/gcc/arm-atollic-eabi/6.3.1/../../../../arm-atollic-eabi/lib/armv7e-m/fpu\libc_nano.a(lib_a-reent.o)
                              Src\syscalls.o (errno)
c:/program files (x86)/atollic/truestudio for stm32 9.3.0/armtools/bin/../lib/gcc/arm-atollic-eabi/6.3.1/../../../../arm-atollic-eabi/lib/armv7e-m/fpu\libc_nano.a(lib_a-snprintf.o)
                              Menu\Src\view_tune_generator_cb.o (snprintf)
c:/program files (x86)/atollic/truestudio for stm32 9.3.0/armtools/bin/../lib/gcc/arm-atollic-eabi/6.3.1/../../../../arm-atollic-eabi/lib/armv7e-m/fpu\libc_nano.a(lib_a-sscanf.o)
                              Menu\Src\view_main_menu.o (sscanf)
c:/program files (x86)/atollic/truestudio for stm32 9.3.0/armtools/bin/../lib/gcc/arm-atollic-eabi/6.3.1/../../../../arm-atollic-eabi/lib/armv7e-m/fpu\libc_nano.a(lib_a-stdio.o)
                              c:/program files (x86)/atollic/truestudio for stm32 9.3.0/armtools/bin/../lib/gcc/arm-atollic-eabi/6.3.1/../../../../arm-atollic-eabi/lib/armv7e-m/fpu\libc_nano.a(lib_a-sscanf.o) (__seofread)
c:/program files (x86)/atollic/truestudio for stm32 9.3.0/armtools/bin/../lib/gcc/arm-atollic-eabi/6.3.1/../../../../arm-atollic-eabi/lib/armv7e-m/fpu\libc_nano.a(lib_a-strlen.o)
                              Menu\Src\view_main_menu.o (strlen)
c:/program files (x86)/atollic/truestudio for stm32 9.3.0/armtools/bin/../lib/gcc/arm-atollic-eabi/6.3.1/../../../../arm-atollic-eabi/lib/armv7e-m/fpu\libc_nano.a(lib_a-wbuf.o)
                              c:/program files (x86)/atollic/truestudio for stm32 9.3.0/armtools/bin/../lib/gcc/arm-atollic-eabi/6.3.1/../../../../arm-atollic-eabi/lib/armv7e-m/fpu\libc_nano.a(lib_a-puts.o) (__swbuf_r)
c:/program files (x86)/atollic/truestudio for stm32 9.3.0/armtools/bin/../lib/gcc/arm-atollic-eabi/6.3.1/../../../../arm-atollic-eabi/lib/armv7e-m/fpu\libc_nano.a(lib_a-writer.o)
                              c:/program files (x86)/atollic/truestudio for stm32 9.3.0/armtools/bin/../lib/gcc/arm-atollic-eabi/6.3.1/../../../../arm-atollic-eabi/lib/armv7e-m/fpu\libc_nano.a(lib_a-stdio.o) (_write_r)
c:/program files (x86)/atollic/truestudio for stm32 9.3.0/armtools/bin/../lib/gcc/arm-atollic-eabi/6.3.1/../../../../arm-atollic-eabi/lib/armv7e-m/fpu\libc_nano.a(lib_a-wsetup.o)
                              c:/program files (x86)/atollic/truestudio for stm32 9.3.0/armtools/bin/../lib/gcc/arm-atollic-eabi/6.3.1/../../../../arm-atollic-eabi/lib/armv7e-m/fpu\libc_nano.a(lib_a-puts.o) (__swsetup_r)
c:/program files (x86)/atollic/truestudio for stm32 9.3.0/armtools/bin/../lib/gcc/arm-atollic-eabi/6.3.1/../../../../arm-atollic-eabi/lib/armv7e-m/fpu\libc_nano.a(lib_a-closer.o)
                              c:/program files (x86)/atollic/truestudio for stm32 9.3.0/armtools/bin/../lib/gcc/arm-atollic-eabi/6.3.1/../../../../arm-atollic-eabi/lib/armv7e-m/fpu\libc_nano.a(lib_a-stdio.o) (_close_r)
c:/program files (x86)/atollic/truestudio for stm32 9.3.0/armtools/bin/../lib/gcc/arm-atollic-eabi/6.3.1/../../../../arm-atollic-eabi/lib/armv7e-m/fpu\libc_nano.a(lib_a-fflush.o)
                              c:/program files (x86)/atollic/truestudio for stm32 9.3.0/armtools/bin/../lib/gcc/arm-atollic-eabi/6.3.1/../../../../arm-atollic-eabi/lib/armv7e-m/fpu\libc_nano.a(lib_a-wbuf.o) (_fflush_r)
c:/program files (x86)/atollic/truestudio for stm32 9.3.0/armtools/bin/../lib/gcc/arm-atollic-eabi/6.3.1/../../../../arm-atollic-eabi/lib/armv7e-m/fpu\libc_nano.a(lib_a-findfp.o)
                              c:/program files (x86)/atollic/truestudio for stm32 9.3.0/armtools/bin/../lib/gcc/arm-atollic-eabi/6.3.1/../../../../arm-atollic-eabi/lib/armv7e-m/fpu\libc_nano.a(lib_a-puts.o) (__sinit)
c:/program files (x86)/atollic/truestudio for stm32 9.3.0/armtools/bin/../lib/gcc/arm-atollic-eabi/6.3.1/../../../../arm-atollic-eabi/lib/armv7e-m/fpu\libc_nano.a(lib_a-fwalk.o)
                              c:/program files (x86)/atollic/truestudio for stm32 9.3.0/armtools/bin/../lib/gcc/arm-atollic-eabi/6.3.1/../../../../arm-atollic-eabi/lib/armv7e-m/fpu\libc_nano.a(lib_a-findfp.o) (_fwalk)
c:/program files (x86)/atollic/truestudio for stm32 9.3.0/armtools/bin/../lib/gcc/arm-atollic-eabi/6.3.1/../../../../arm-atollic-eabi/lib/armv7e-m/fpu\libc_nano.a(lib_a-impure.o)
[...]
Memory Configuration

Name             Origin             Length             Attributes
RAM              0x20000000         0x00020000         xrw
FLASH            0x08000000         0x00080000         xr
*default*        0x00000000         0xffffffff

Linker script and memory map

LOAD c:/program files (x86)/atollic/truestudio for stm32 9.3.0/armtools/bin/../lib/gcc/arm-atollic-eabi/6.3.1/armv7e-m/fpu/crti.o
LOAD c:/program files (x86)/atollic/truestudio for stm32 9.3.0/armtools/bin/../lib/gcc/arm-atollic-eabi/6.3.1/armv7e-m/fpu/crtbegin.o
LOAD AD9834\Src\AD9834.o
LOAD Drivers\STM32F4xx_HAL_Driver\Src\stm32f4xx_hal.o
LOAD Drivers\STM32F4xx_HAL_Driver\Src\stm32f4xx_hal_cortex.o
LOAD Drivers\STM32F4xx_HAL_Driver\Src\stm32f4xx_hal_dma.o
LOAD Drivers\STM32F4xx_HAL_Driver\Src\stm32f4xx_hal_dma_ex.o
LOAD Drivers\STM32F4xx_HAL_Driver\Src\stm32f4xx_hal_flash.o
LOAD Drivers\STM32F4xx_HAL_Driver\Src\stm32f4xx_hal_flash_ex.o
LOAD Drivers\STM32F4xx_HAL_Driver\Src\stm32f4xx_hal_flash_ramfunc.o
LOAD Drivers\STM32F4xx_HAL_Driver\Src\stm32f4xx_hal_gpio.o
LOAD Drivers\STM32F4xx_HAL_Driver\Src\stm32f4xx_hal_i2c.o
LOAD Drivers\STM32F4xx_HAL_Driver\Src\stm32f4xx_hal_i2c_ex.o
LOAD Drivers\STM32F4xx_HAL_Driver\Src\stm32f4xx_hal_pwr.o
LOAD Drivers\STM32F4xx_HAL_Driver\Src\stm32f4xx_hal_pwr_ex.o
LOAD Drivers\STM32F4xx_HAL_Driver\Src\stm32f4xx_hal_rcc.o
LOAD Drivers\STM32F4xx_HAL_Driver\Src\stm32f4xx_hal_rcc_ex.o
LOAD Drivers\STM32F4xx_HAL_Driver\Src\stm32f4xx_hal_tim.o
LOAD Drivers\STM32F4xx_HAL_Driver\Src\stm32f4xx_hal_tim_ex.o
LOAD Drivers\STM32F4xx_HAL_Driver\Src\stm32f4xx_hal_uart.o
LOAD Menu\Src\cursor.o
LOAD Menu\Src\event.o
LOAD Menu\Src\menu.o
LOAD Menu\Src\node.o
LOAD Menu\Src\rendering.o
LOAD Menu\Src\view_main_menu.o
LOAD Menu\Src\view_tune_generator_cb.o
LOAD Src\gpio.o
LOAD Src\i2c.o
LOAD Src\main.o
LOAD Src\stm32f4xx_hal_msp.o
LOAD Src\stm32f4xx_it.o
LOAD Src\syscalls.o
LOAD Src\system_stm32f4xx.o
LOAD Src\tim.o
LOAD Src\usart.o
LOAD lcd_hd44780\Src\lcd_hd44780_i2c.o
LOAD startup\startup_stm32f446xx.o
                0x00000080                malloc_getpagesize_P = 0x80
START GROUP
LOAD c:/program files (x86)/atollic/truestudio for stm32 9.3.0/armtools/bin/../lib/gcc/arm-atollic-eabi/6.3.1/../../../../arm-atollic-eabi/lib/armv7e-m/fpu\libc_nano.a
LOAD c:/program files (x86)/atollic/truestudio for stm32 9.3.0/armtools/bin/../lib/gcc/arm-atollic-eabi/6.3.1/../../../../arm-atollic-eabi/lib/armv7e-m/fpu\libm.a
END GROUP
START GROUP
LOAD c:/program files (x86)/atollic/truestudio for stm32 9.3.0/armtools/bin/../lib/gcc/arm-atollic-eabi/6.3.1/armv7e-m/fpu\libgcc.a
LOAD c:/program files (x86)/atollic/truestudio for stm32 9.3.0/armtools/bin/../lib/gcc/arm-atollic-eabi/6.3.1/../../../../arm-atollic-eabi/lib/armv7e-m/fpu\libc_nano.a
END GROUP
START GROUP
LOAD c:/program files (x86)/atollic/truestudio for stm32 9.3.0/armtools/bin/../lib/gcc/arm-atollic-eabi/6.3.1/armv7e-m/fpu\libgcc.a
LOAD c:/program files (x86)/atollic/truestudio for stm32 9.3.0/armtools/bin/../lib/gcc/arm-atollic-eabi/6.3.1/../../../../arm-atollic-eabi/lib/armv7e-m/fpu\libc_nano.a
LOAD c:/program files (x86)/atollic/truestudio for stm32 9.3.0/armtools/bin/../lib/gcc/arm-atollic-eabi/6.3.1/../../../../arm-atollic-eabi/lib/armv7e-m/fpu\libnosys.a
END GROUP
START GROUP
LOAD c:/program files (x86)/atollic/truestudio for stm32 9.3.0/armtools/bin/../lib/gcc/arm-atollic-eabi/6.3.1/armv7e-m/fpu\libgcc.a
LOAD c:/program files (x86)/atollic/truestudio for stm32 9.3.0/armtools/bin/../lib/gcc/arm-atollic-eabi/6.3.1/../../../../arm-atollic-eabi/lib/armv7e-m/fpu\libc_nano.a
LOAD c:/program files (x86)/atollic/truestudio for stm32 9.3.0/armtools/bin/../lib/gcc/arm-atollic-eabi/6.3.1/../../../../arm-atollic-eabi/lib/armv7e-m/fpu\libnosys.a
END GROUP
LOAD c:/program files (x86)/atollic/truestudio for stm32 9.3.0/armtools/bin/../lib/gcc/arm-atollic-eabi/6.3.1/armv7e-m/fpu/crtend.o
LOAD c:/program files (x86)/atollic/truestudio for stm32 9.3.0/armtools/bin/../lib/gcc/arm-atollic-eabi/6.3.1/armv7e-m/fpu/crtn.o
                0x20020000                _estack = 0x20020000
                0x00000200                _Min_Heap_Size = 0x200
                0x00000400                _Min_Stack_Size = 0x400

.isr_vector     0x08000000      0x1c4
                0x08000000                . = ALIGN (0x4)
 *(.isr_vector)
 .isr_vector    0x08000000      0x1c4 startup\startup_stm32f446xx.o
                0x08000000                g_pfnVectors
                0x080001c4                . = ALIGN (0x4)

.text           0x080001d0     0x671c
                0x080001d0                . = ALIGN (0x4)
 *(.text)
 .text          0x080001d0       0x40 c:/program files (x86)/atollic/truestudio for stm32 9.3.0/armtools/bin/../lib/gcc/arm-atollic-eabi/6.3.1/armv7e-m/fpu/crtbegin.o
 .text          0x08000210       0x10 c:/program files (x86)/atollic/truestudio for stm32 9.3.0/armtools/bin/../lib/gcc/arm-atollic-eabi/6.3.1/../../../../arm-atollic-eabi/lib/armv7e-m/fpu\libc_nano.a(lib_a-strlen.o)
                0x08000210                strlen
 .text          0x08000220       0xa0 c:/program files (x86)/atollic/truestudio for stm32 9.3.0/armtools/bin/../lib/gcc/arm-atollic-eabi/6.3.1/../../../../arm-atollic-eabi/lib/armv7e-m/fpu\libc_nano.a(lib_a-memchr.o)
                0x08000220                memchr
 .text          0x080002c0      0x370 c:/program files (x86)/atollic/truestudio for stm32 9.3.0/armtools/bin/../lib/gcc/arm-atollic-eabi/6.3.1/armv7e-m/fpu\libgcc.a(_arm_addsubdf3.o)
                0x080002c0                __aeabi_drsub
                0x080002c8                __aeabi_dsub
                0x080002c8                __subdf3
                0x080002cc                __aeabi_dadd
                0x080002cc                __adddf3
                0x08000544                __floatunsidf
                0x08000544                __aeabi_ui2d
                0x08000564                __floatsidf
                0x08000564                __aeabi_i2d
                0x08000588                __aeabi_f2d
                0x08000588                __extendsfdf2
                0x080005c4                __floatundidf
                0x080005c4                __aeabi_ul2d
                0x080005d4                __floatdidf
                0x080005d4                __aeabi_l2d
 .text          0x08000630      0x424 c:/program files (x86)/atollic/truestudio for stm32 9.3.0/armtools/bin/../lib/gcc/arm-atollic-eabi/6.3.1/armv7e-m/fpu\libgcc.a(_arm_muldivdf3.o)
                0x08000630                __aeabi_dmul
                0x08000630                __muldf3
                0x08000884                __divdf3
                0x08000884                __aeabi_ddiv
 .text          0x08000a54      0x110 c:/program files (x86)/atollic/truestudio for stm32 9.3.0/armtools/bin/../lib/gcc/arm-atollic-eabi/6.3.1/armv7e-m/fpu\libgcc.a(_arm_cmpdf2.o)
                0x08000a54                __gtdf2
                0x08000a54                __gedf2
                0x08000a5c                __ltdf2
                0x08000a5c                __ledf2
                0x08000a64                __nedf2
                0x08000a64                __eqdf2
                0x08000a64                __cmpdf2
                0x08000ae0                __aeabi_cdrcmple
                0x08000af0                __aeabi_cdcmpeq
                0x08000af0                __aeabi_cdcmple
                0x08000b00                __aeabi_dcmpeq
                0x08000b14                __aeabi_dcmplt
                0x08000b28                __aeabi_dcmple
                0x08000b3c                __aeabi_dcmpge
                0x08000b50                __aeabi_dcmpgt
 .text          0x08000b64       0x2c c:/program files (x86)/atollic/truestudio for stm32 9.3.0/armtools/bin/../lib/gcc/arm-atollic-eabi/6.3.1/armv7e-m/fpu\libgcc.a(_arm_unorddf2.o)
                0x08000b64                __unorddf2
                0x08000b64                __aeabi_dcmpun
 .text          0x08000b90       0xa0 c:/program files (x86)/atollic/truestudio for stm32 9.3.0/armtools/bin/../lib/gcc/arm-atollic-eabi/6.3.1/armv7e-m/fpu\libgcc.a(_arm_truncdfsf2.o)
                0x08000b90                __truncdfsf2
                0x08000b90                __aeabi_d2f
 .text          0x08000c30       0x30 c:/program files (x86)/atollic/truestudio for stm32 9.3.0/armtools/bin/../lib/gcc/arm-atollic-eabi/6.3.1/armv7e-m/fpu\libgcc.a(_aeabi_uldivmod.o)
                0x08000c30                __aeabi_uldivmod
 .text          0x08000c60      0x2dc c:/program files (x86)/atollic/truestudio for stm32 9.3.0/armtools/bin/../lib/gcc/arm-atollic-eabi/6.3.1/armv7e-m/fpu\libgcc.a(_udivmoddi4.o)
                0x08000c60                __udivmoddi4
 .text          0x08000f3c        0x4 c:/program files (x86)/atollic/truestudio for stm32 9.3.0/armtools/bin/../lib/gcc/arm-atollic-eabi/6.3.1/armv7e-m/fpu\libgcc.a(_dvmd_tls.o)
                0x08000f3c                __aeabi_idiv0
                0x08000f3c                __aeabi_ldiv0
 *(.text*)
 .text.AD9834_init
                0x08000f40       0x2c AD9834\Src\AD9834.o
                0x08000f40                AD9834_init
 .text.AD9834_frequency_prefix_set
                0x08000f6c       0x10 AD9834\Src\AD9834.o
                0x08000f6c                AD9834_frequency_prefix_set
 .text.AD9834_amplitude_prefix_set
                0x08000f7c        0xc AD9834\Src\AD9834.o
                0x08000f7c                AD9834_amplitude_prefix_set
 .text.AD9834_amplitude_set
                0x08000f88        0xc AD9834\Src\AD9834.o
                0x08000f88                AD9834_amplitude_set
 .text.AD9834_frequency_set
                0x08000f94       0x44 AD9834\Src\AD9834.o
                0x08000f94                AD9834_frequency_set
 .text.AD9834_form_set
                0x08000fd8        0xc AD9834\Src\AD9834.o
                0x08000fd8                AD9834_form_set
 .text.AD9834_amplitude_prefix_get
                0x08000fe4        0xc AD9834\Src\AD9834.o
                0x08000fe4                AD9834_amplitude_prefix_get
 .text.AD9834_frequency_prefix_get
                0x08000ff0       0x14 AD9834\Src\AD9834.o
                0x08000ff0                AD9834_frequency_prefix_get
 .text.AD9834_amplitude_get
                0x08001004        0xc AD9834\Src\AD9834.o
                0x08001004                AD9834_amplitude_get
 .text.AD9834_frequency_get
                0x08001010       0x14 AD9834\Src\AD9834.o
                0x08001010                AD9834_frequency_get
 .text.AD9834_form_get
                0x08001024        0xc AD9834\Src\AD9834.o
                0x08001024                AD9834_form_get
 .text.HAL_InitTick
                0x08001030       0x48 Drivers\STM32F4xx_HAL_Driver\Src\stm32f4xx_hal.o
                0x08001030                HAL_InitTick
 .text.HAL_Init
                0x08001078       0x34 Drivers\STM32F4xx_HAL_Driver\Src\stm32f4xx_hal.o
                0x08001078                HAL_Init
 .text.HAL_IncTick
                0x080010ac       0x18 Drivers\STM32F4xx_HAL_Driver\Src\stm32f4xx_hal.o
                0x080010ac                HAL_IncTick
 .text.HAL_GetTick
                0x080010c4        0xc Drivers\STM32F4xx_HAL_Driver\Src\stm32f4xx_hal.o
                0x080010c4                HAL_GetTick
 .text.HAL_Delay
                0x080010d0       0x28 Drivers\STM32F4xx_HAL_Driver\Src\stm32f4xx_hal.o
                0x080010d0                HAL_Delay
 .text.HAL_NVIC_SetPriorityGrouping
                0x080010f8       0x24 Drivers\STM32F4xx_HAL_Driver\Src\stm32f4xx_hal_cortex.o
                0x080010f8                HAL_NVIC_SetPriorityGrouping
 .text.HAL_NVIC_SetPriority
                0x0800111c       0x68 Drivers\STM32F4xx_HAL_Driver\Src\stm32f4xx_hal_cortex.o
                0x0800111c                HAL_NVIC_SetPriority
 .text.HAL_NVIC_EnableIRQ
                0x08001184       0x18 Drivers\STM32F4xx_HAL_Driver\Src\stm32f4xx_hal_cortex.o
                0x08001184                HAL_NVIC_EnableIRQ
 .text.HAL_SYSTICK_Config
                0x0800119c       0x2c Drivers\STM32F4xx_HAL_Driver\Src\stm32f4xx_hal_cortex.o
                0x0800119c                HAL_SYSTICK_Config
 .text.HAL_SYSTICK_CLKSourceConfig
                0x080011c8       0x18 Drivers\STM32F4xx_HAL_Driver\Src\stm32f4xx_hal_cortex.o
                0x080011c8                HAL_SYSTICK_CLKSourceConfig
 .text.HAL_SYSTICK_Callback
                0x080011e0        0x2 Drivers\STM32F4xx_HAL_Driver\Src\stm32f4xx_hal_cortex.o
                0x080011e0                HAL_SYSTICK_Callback
 .text.HAL_SYSTICK_IRQHandler
                0x080011e2        0x8 Drivers\STM32F4xx_HAL_Driver\Src\stm32f4xx_hal_cortex.o
                0x080011e2                HAL_SYSTICK_IRQHandler
 .text.HAL_DMA_Abort_IT
                0x080011ea       0x24 Drivers\STM32F4xx_HAL_Driver\Src\stm32f4xx_hal_dma.o
                0x080011ea                HAL_DMA_Abort_IT
 *fill*         0x0800120e        0x2 
 .text.HAL_GPIO_Init
                0x08001210      0x1b4 Drivers\STM32F4xx_HAL_Driver\Src\stm32f4xx_hal_gpio.o
                0x08001210                HAL_GPIO_Init
 .text.HAL_GPIO_WritePin
                0x080013c4        0xa Drivers\STM32F4xx_HAL_Driver\Src\stm32f4xx_hal_gpio.o
                0x080013c4                HAL_GPIO_WritePin
 .text.HAL_GPIO_EXTI_Callback
                0x080013ce        0x2 Drivers\STM32F4xx_HAL_Driver\Src\stm32f4xx_hal_gpio.o
                0x080013ce                HAL_GPIO_EXTI_Callback
 .text.HAL_GPIO_EXTI_IRQHandler
                0x080013d0       0x18 Drivers\STM32F4xx_HAL_Driver\Src\stm32f4xx_hal_gpio.o
                0x080013d0                HAL_GPIO_EXTI_IRQHandler
 .text.I2C_IsAcknowledgeFailed
                0x080013e8       0x2a Drivers\STM32F4xx_HAL_Driver\Src\stm32f4xx_hal_i2c.o
 .text.I2C_WaitOnMasterAddressFlagUntilTimeout
                0x08001412       0x80 Drivers\STM32F4xx_HAL_Driver\Src\stm32f4xx_hal_i2c.o
 .text.I2C_WaitOnFlagUntilTimeout
                0x08001492       0x5c Drivers\STM32F4xx_HAL_Driver\Src\stm32f4xx_hal_i2c.o
 .text.I2C_WaitOnTXEFlagUntilTimeout
                0x080014ee       0x4c Drivers\STM32F4xx_HAL_Driver\Src\stm32f4xx_hal_i2c.o
 .text.I2C_WaitOnBTFFlagUntilTimeout
                0x0800153a       0x4c Drivers\STM32F4xx_HAL_Driver\Src\stm32f4xx_hal_i2c.o
 *fill*         0x08001586        0x2 
 .text.HAL_I2C_Init
                0x08001588       0xdc Drivers\STM32F4xx_HAL_Driver\Src\stm32f4xx_hal_i2c.o
                0x08001588                HAL_I2C_Init
 .text.HAL_I2C_Master_Transmit
                0x08001664      0x1ac Drivers\STM32F4xx_HAL_Driver\Src\stm32f4xx_hal_i2c.o
                0x08001664                HAL_I2C_Master_Transmit
 .text.HAL_I2C_IsDeviceReady
                0x08001810      0x15c Drivers\STM32F4xx_HAL_Driver\Src\stm32f4xx_hal_i2c.o
                0x08001810                HAL_I2C_IsDeviceReady
 .text.HAL_I2C_SlaveTxCpltCallback
                0x0800196c        0x2 Drivers\STM32F4xx_HAL_Driver\Src\stm32f4xx_hal_i2c.o
                0x0800196c                HAL_I2C_SlaveTxCpltCallback
 .text.HAL_I2C_ListenCpltCallback
                0x0800196e        0x2 Drivers\STM32F4xx_HAL_Driver\Src\stm32f4xx_hal_i2c.o
                0x0800196e                HAL_I2C_ListenCpltCallback
 .text.HAL_I2C_ErrorCallback
                0x08001970        0x2 Drivers\STM32F4xx_HAL_Driver\Src\stm32f4xx_hal_i2c.o
                0x08001970                HAL_I2C_ErrorCallback
 .text.HAL_I2C_AbortCpltCallback
                0x08001972        0x2 Drivers\STM32F4xx_HAL_Driver\Src\stm32f4xx_hal_i2c.o
                0x08001972                HAL_I2C_AbortCpltCallback
 .text.I2C_ITError
                0x08001974      0x128 Drivers\STM32F4xx_HAL_Driver\Src\stm32f4xx_hal_i2c.o
 .text.HAL_I2C_ER_IRQHandler
                0x08001a9c      0x134 Drivers\STM32F4xx_HAL_Driver\Src\stm32f4xx_hal_i2c.o
                0x08001a9c                HAL_I2C_ER_IRQHandler
 .text.I2C_DMAAbort
                0x08001bd0       0x4c Drivers\STM32F4xx_HAL_Driver\Src\stm32f4xx_hal_i2c.o
 .text.HAL_I2C_GetState
                0x08001c1c        0x6 Drivers\STM32F4xx_HAL_Driver\Src\stm32f4xx_hal_i2c.o
                0x08001c1c                HAL_I2C_GetState
 *fill*         0x08001c22        0x2 
 .text.HAL_RCC_ClockConfig
                0x08001c24      0x134 Drivers\STM32F4xx_HAL_Driver\Src\stm32f4xx_hal_rcc.o
                0x08001c24                HAL_RCC_ClockConfig
 .text.HAL_RCC_GetHCLKFreq
                0x08001d58        0xc Drivers\STM32F4xx_HAL_Driver\Src\stm32f4xx_hal_rcc.o
                0x08001d58                HAL_RCC_GetHCLKFreq
 .text.HAL_RCC_GetPCLK1Freq
                0x08001d64       0x20 Drivers\STM32F4xx_HAL_Driver\Src\stm32f4xx_hal_rcc.o
                0x08001d64                HAL_RCC_GetPCLK1Freq
 .text.HAL_RCC_GetPCLK2Freq
                0x08001d84       0x20 Drivers\STM32F4xx_HAL_Driver\Src\stm32f4xx_hal_rcc.o
                0x08001d84                HAL_RCC_GetPCLK2Freq
 .text.HAL_RCC_GetSysClockFreq
                0x08001da4       0x90 Drivers\STM32F4xx_HAL_Driver\Src\stm32f4xx_hal_rcc_ex.o
                0x08001da4                HAL_RCC_GetSysClockFreq
 .text.HAL_RCC_OscConfig
                0x08001e34      0x334 Drivers\STM32F4xx_HAL_Driver\Src\stm32f4xx_hal_rcc_ex.o
                0x08001e34                HAL_RCC_OscConfig
 .text.HAL_TIM_Encoder_Start_IT
                0x08002168       0x6e Drivers\STM32F4xx_HAL_Driver\Src\stm32f4xx_hal_tim.o
                0x08002168                HAL_TIM_Encoder_Start_IT
 .text.HAL_TIM_ReadCapturedValue
                0x080021d6       0x46 Drivers\STM32F4xx_HAL_Driver\Src\stm32f4xx_hal_tim.o
                0x080021d6                HAL_TIM_ReadCapturedValue
 .text.HAL_TIM_PeriodElapsedCallback
                0x0800221c        0x2 Drivers\STM32F4xx_HAL_Driver\Src\stm32f4xx_hal_tim.o
                0x0800221c                HAL_TIM_PeriodElapsedCallback
 .text.HAL_TIM_OC_DelayElapsedCallback
                0x0800221e        0x2 Drivers\STM32F4xx_HAL_Driver\Src\stm32f4xx_hal_tim.o
                0x0800221e                HAL_TIM_OC_DelayElapsedCallback
 .text.HAL_TIM_PWM_PulseFinishedCallback
                0x08002220        0x2 Drivers\STM32F4xx_HAL_Driver\Src\stm32f4xx_hal_tim.o
                0x08002220                HAL_TIM_PWM_PulseFinishedCallback
 .text.HAL_TIM_TriggerCallback
                0x08002222        0x2 Drivers\STM32F4xx_HAL_Driver\Src\stm32f4xx_hal_tim.o
                0x08002222                HAL_TIM_TriggerCallback
 .text.HAL_TIM_IRQHandler
                0x08002224      0x144 Drivers\STM32F4xx_HAL_Driver\Src\stm32f4xx_hal_tim.o
                0x08002224                HAL_TIM_IRQHandler
 .text.TIM_Base_SetConfig
                0x08002368       0xc8 Drivers\STM32F4xx_HAL_Driver\Src\stm32f4xx_hal_tim.o
                0x08002368                TIM_Base_SetConfig
 .text.HAL_TIM_IC_Init
                0x08002430       0x34 Drivers\STM32F4xx_HAL_Driver\Src\stm32f4xx_hal_tim.o
                0x08002430                HAL_TIM_IC_Init
 .text.HAL_TIM_Encoder_Init
                0x08002464       0x92 Drivers\STM32F4xx_HAL_Driver\Src\stm32f4xx_hal_tim.o
                0x08002464                HAL_TIM_Encoder_Init
 *fill*         0x080024f6        0x2 
 .text.TIM_TI1_SetConfig
                0x080024f8       0x74 Drivers\STM32F4xx_HAL_Driver\Src\stm32f4xx_hal_tim.o
                0x080024f8                TIM_TI1_SetConfig
 .text.HAL_TIM_IC_ConfigChannel
                0x0800256c      0x110 Drivers\STM32F4xx_HAL_Driver\Src\stm32f4xx_hal_tim.o
                0x0800256c                HAL_TIM_IC_ConfigChannel
 .text.TIM_CCxChannelCmd
                0x0800267c       0x18 Drivers\STM32F4xx_HAL_Driver\Src\stm32f4xx_hal_tim.o
                0x0800267c                TIM_CCxChannelCmd
 .text.HAL_TIM_IC_Start_IT
                0x08002694       0x58 Drivers\STM32F4xx_HAL_Driver\Src\stm32f4xx_hal_tim.o
                0x08002694                HAL_TIM_IC_Start_IT
 .text.HAL_TIMEx_MasterConfigSynchronization
                0x080026ec       0x44 Drivers\STM32F4xx_HAL_Driver\Src\stm32f4xx_hal_tim_ex.o
                0x080026ec                HAL_TIMEx_MasterConfigSynchronization
 .text.HAL_TIMEx_CommutationCallback
                0x08002730        0x2 Drivers\STM32F4xx_HAL_Driver\Src\stm32f4xx_hal_tim_ex.o
                0x08002730                HAL_TIMEx_CommutationCallback
 .text.HAL_TIMEx_BreakCallback
                0x08002732        0x2 Drivers\STM32F4xx_HAL_Driver\Src\stm32f4xx_hal_tim_ex.o
                0x08002732                HAL_TIMEx_BreakCallback
 .text.UART_SetConfig
                0x08002734      0x234 Drivers\STM32F4xx_HAL_Driver\Src\stm32f4xx_hal_uart.o
 .text.HAL_UART_Init
                0x08002968       0x5c Drivers\STM32F4xx_HAL_Driver\Src\stm32f4xx_hal_uart.o
                0x08002968                HAL_UART_Init
 .text.event_get
                0x080029c4        0xc Menu\Src\event.o
                0x080029c4                event_get
 .text.event_set
                0x080029d0        0xc Menu\Src\event.o
                0x080029d0                event_set
 .text.HAL_TIM_IC_CaptureCallback
                0x080029dc       0x88 Menu\Src\event.o
                0x080029dc                HAL_TIM_IC_CaptureCallback
 .text.find_slave
                0x08002a64       0x28 Menu\Src\menu.o
                0x08002a64                find_slave
 .text.menu_init
                0x08002a8c      0x16c Menu\Src\menu.o
                0x08002a8c                menu_init
 .text.menu_execute
                0x08002bf8       0x14 Menu\Src\menu.o
                0x08002bf8                menu_execute
 .text.node_set_ptr
                0x08002c0c        0xc Menu\Src\node.o
                0x08002c0c                node_set_ptr
 .text.node_has_child
                0x08002c18       0x14 Menu\Src\node.o
                0x08002c18                node_has_child
 .text.node_has_parent
                0x08002c2c       0x14 Menu\Src\node.o
                0x08002c2c                node_has_parent
 .text.node_has_next
                0x08002c40       0x14 Menu\Src\node.o
                0x08002c40                node_has_next
 .text.node_has_prev
                0x08002c54       0x14 Menu\Src\node.o
                0x08002c54                node_has_prev
 .text.node_get_child
                0x08002c68       0x18 Menu\Src\node.o
                0x08002c68                node_get_child
 .text.node_get_parent
                0x08002c80       0x18 Menu\Src\node.o
                0x08002c80                node_get_parent
 .text.node_get_next
                0x08002c98       0x18 Menu\Src\node.o
                0x08002c98                node_get_next
 .text.node_get_prev
                0x08002cb0       0x18 Menu\Src\node.o
                0x08002cb0                node_get_prev
 .text.node_execute
                0x08002cc8       0x40 Menu\Src\node.o
                0x08002cc8                node_execute
 .text.node_init
                0x08002d08       0x1e Menu\Src\node.o
                0x08002d08                node_init
 .text.rendering_next
                0x08002d26       0x10 Menu\Src\rendering.o
                0x08002d26                rendering_next
 .text.rendering_prev
                0x08002d36       0x10 Menu\Src\rendering.o
                0x08002d36                rendering_prev
 .text.rendering_child
                0x08002d46       0x10 Menu\Src\rendering.o
                0x08002d46                rendering_child
 .text.rendering_parent
                0x08002d56       0x10 Menu\Src\rendering.o
                0x08002d56                rendering_parent
 *fill*         0x08002d66        0x2 
 .text.show_title
                0x08002d68       0x64 Menu\Src\view_main_menu.o
                0x08002d68                show_title
 .text.vm_generator_cb
                0x08002dcc       0x18 Menu\Src\view_main_menu.o
                0x08002dcc                vm_generator_cb
 .text.vm_frequency_meter_cb
                0x08002de4       0x18 Menu\Src\view_main_menu.o
                0x08002de4                vm_frequency_meter_cb
 .text.vm_FSK_cb
                0x08002dfc       0x18 Menu\Src\view_main_menu.o
                0x08002dfc                vm_FSK_cb
 .text.vm_PSK_cb
                0x08002e14       0x18 Menu\Src\view_main_menu.o
                0x08002e14                vm_PSK_cb
 .text.prefix_get_symbol
                0x08002e2c       0x14 Menu\Src\view_tune_generator_cb.o
                0x08002e2c                prefix_get_symbol
 .text.signal_form_get_symbol
                0x08002e40       0x18 Menu\Src\view_tune_generator_cb.o
                0x08002e40                signal_form_get_symbol
 .text.parameter_show
                0x08002e58       0xac Menu\Src\view_tune_generator_cb.o
                0x08002e58                parameter_show
 .text.cursor_hide
                0x08002f04       0x50 Menu\Src\view_tune_generator_cb.o
                0x08002f04                cursor_hide
 .text.cursor_show
                0x08002f54       0x50 Menu\Src\view_tune_generator_cb.o
                0x08002f54                cursor_show
 .text.vtg_init
                0x08002fa4       0xa0 Menu\Src\view_tune_generator_cb.o
                0x08002fa4                vtg_init
 .text.form_changing
                0x08003044       0x38 Menu\Src\view_tune_generator_cb.o
                0x08003044                form_changing
 .text.frequency_prefix_changing
                0x0800307c       0x64 Menu\Src\view_tune_generator_cb.o
                0x0800307c                frequency_prefix_changing
 .text.amplitude_prefix_changing
                0x080030e0       0x54 Menu\Src\view_tune_generator_cb.o
                0x080030e0                amplitude_prefix_changing
 *fill*         0x08003134        0x4 
 .text.val_changing
                0x08003138      0x124 Menu\Src\view_tune_generator_cb.o
                0x08003138                val_changing
 .text.vtg_parameter_change
                0x0800325c       0x8c Menu\Src\view_tune_generator_cb.o
                0x0800325c                vtg_parameter_change
 .text.vtg_parameter_cancel
                0x080032e8        0x4 Menu\Src\view_tune_generator_cb.o
                0x080032e8                vtg_parameter_cancel
 .text.vtg_parameter_apply
                0x080032ec       0x68 Menu\Src\view_tune_generator_cb.o
                0x080032ec                vtg_parameter_apply
 .text.vtg_select_param
                0x08003354       0x40 Menu\Src\view_tune_generator_cb.o
                0x08003354                vtg_select_param
 .text.vtg_select_order
                0x08003394       0x5c Menu\Src\view_tune_generator_cb.o
                0x08003394                vtg_select_order
 .text.order_changing
                0x080033f0       0x84 Menu\Src\view_tune_generator_cb.o
                0x080033f0                order_changing
 .text.vtg_order_change
                0x08003474       0x30 Menu\Src\view_tune_generator_cb.o
                0x08003474                vtg_order_change
 .text.MX_GPIO_Init
                0x080034a4       0x9c Src\gpio.o
                0x080034a4                MX_GPIO_Init
 .text.MX_I2C1_Init
                0x08003540       0x48 Src\i2c.o
                0x08003540                MX_I2C1_Init
 .text.HAL_I2C_MspInit
                0x08003588       0x64 Src\i2c.o
                0x08003588                HAL_I2C_MspInit
 .text.SystemClock_Config
                0x080035ec       0x8c Src\main.o
                0x080035ec                SystemClock_Config
 .text.startup.main
                0x08003678       0x5c Src\main.o
                0x08003678                main
 .text._Error_Handler
                0x080036d4        0x2 Src\main.o
                0x080036d4                _Error_Handler
 *fill*         0x080036d6        0x2 
 .text.HAL_MspInit
                0x080036d8       0x90 Src\stm32f4xx_hal_msp.o
                0x080036d8                HAL_MspInit
 .text.NMI_Handler
                0x08003768        0x2 Src\stm32f4xx_it.o
                0x08003768                NMI_Handler
 .text.HardFault_Handler
                0x0800376a        0x2 Src\stm32f4xx_it.o
                0x0800376a                HardFault_Handler
 .text.MemManage_Handler
                0x0800376c        0x2 Src\stm32f4xx_it.o
                0x0800376c                MemManage_Handler
 .text.BusFault_Handler
                0x0800376e        0x2 Src\stm32f4xx_it.o
                0x0800376e                BusFault_Handler
 .text.UsageFault_Handler
                0x08003770        0x2 Src\stm32f4xx_it.o
                0x08003770                UsageFault_Handler
 .text.SVC_Handler
                0x08003772        0x2 Src\stm32f4xx_it.o
                0x08003772                SVC_Handler
 .text.DebugMon_Handler
                0x08003774        0x2 Src\stm32f4xx_it.o
                0x08003774                DebugMon_Handler
 .text.PendSV_Handler
                0x08003776        0x2 Src\stm32f4xx_it.o
                0x08003776                PendSV_Handler
 .text.SysTick_Handler
                0x08003778        0xe Src\stm32f4xx_it.o
                0x08003778                SysTick_Handler
 *fill*         0x08003786        0x2 
 .text.TIM1_CC_IRQHandler
                0x08003788        0xc Src\stm32f4xx_it.o
                0x08003788                TIM1_CC_IRQHandler
 .text.TIM2_IRQHandler
                0x08003794        0xc Src\stm32f4xx_it.o
                0x08003794                TIM2_IRQHandler
 .text.I2C1_ER_IRQHandler
                0x080037a0        0xc Src\stm32f4xx_it.o
                0x080037a0                I2C1_ER_IRQHandler
 .text.EXTI15_10_IRQHandler
                0x080037ac        0x8 Src\stm32f4xx_it.o
                0x080037ac                EXTI15_10_IRQHandler
 .text._write   0x080037b4       0x32 Src\syscalls.o
                0x080037b4                _write
 *fill*         0x080037e6        0x2 
 .text._sbrk    0x080037e8       0x1c Src\syscalls.o
                0x080037e8                _sbrk
 .text._close   0x08003804       0x10 Src\syscalls.o
                0x08003804                _close
 .text._fstat   0x08003814       0x10 Src\syscalls.o
                0x08003814                _fstat
 .text._isatty  0x08003824       0x10 Src\syscalls.o
                0x08003824                _isatty
 .text._lseek   0x08003834       0x10 Src\syscalls.o
                0x08003834                _lseek
 .text._read    0x08003844       0x10 Src\syscalls.o
                0x08003844                _read
 .text.SystemInit
                0x08003854       0x4c Src\system_stm32f4xx.o
                0x08003854                SystemInit
 .text.MX_TIM1_Init
                0x080038a0       0x90 Src\tim.o
                0x080038a0                MX_TIM1_Init
 .text.MX_TIM2_Init
                0x08003930       0x64 Src\tim.o
                0x08003930                MX_TIM2_Init
 .text.HAL_TIM_IC_MspInit
                0x08003994       0x5c Src\tim.o
                0x08003994                HAL_TIM_IC_MspInit
 .text.HAL_TIM_Encoder_MspInit
                0x080039f0       0x58 Src\tim.o
                0x080039f0                HAL_TIM_Encoder_MspInit
 .text.MX_USART2_UART_Init
                0x08003a48       0x40 Src\usart.o
                0x08003a48                MX_USART2_UART_Init
 .text.HAL_UART_MspInit
                0x08003a88       0x50 Src\usart.o
                0x08003a88                HAL_UART_MspInit
 .text.lcdWriteByte
                0x08003ad8       0x70 lcd_hd44780\Src\lcd_hd44780_i2c.o
 .text.lcdCommand
                0x08003b48      0x118 lcd_hd44780\Src\lcd_hd44780_i2c.o
                0x08003b48                lcdCommand
 .text.lcdInit  0x08003c60       0xec lcd_hd44780\Src\lcd_hd44780_i2c.o
                0x08003c60                lcdInit
 .text.lcdSetCursorPosition
                0x08003d4c       0x34 lcd_hd44780\Src\lcd_hd44780_i2c.o
                0x08003d4c                lcdSetCursorPosition
 .text.lcdPrintStr
                0x08003d80       0x1e lcd_hd44780\Src\lcd_hd44780_i2c.o
                0x08003d80                lcdPrintStr
 .text.lcdPrintChar
                0x08003d9e       0x14 lcd_hd44780\Src\lcd_hd44780_i2c.o
                0x08003d9e                lcdPrintChar
 *fill*         0x08003db2        0x2 
 .text.Reset_Handler
                0x08003db4       0x50 startup\startup_stm32f446xx.o
                0x08003db4                Reset_Handler
 .text.Default_Handler
                0x08003e04        0x2 startup\startup_stm32f446xx.o
                0x08003e04                RTC_Alarm_IRQHandler
                0x08003e04                EXTI2_IRQHandler
                0x08003e04                TIM8_CC_IRQHandler
                0x08003e04                SPI4_IRQHandler
                0x08003e04                DMA2_Stream5_IRQHandler
                0x08003e04                DMA1_Stream5_IRQHandler
                0x08003e04                PVD_IRQHandler
                0x08003e04                SDIO_IRQHandler
                0x08003e04                TAMP_STAMP_IRQHandler
                0x08003e04                CAN2_RX1_IRQHandler
                0x08003e04                EXTI3_IRQHandler
                0x08003e04                TIM8_TRG_COM_TIM14_IRQHandler
                0x08003e04                TIM1_UP_TIM10_IRQHandler
                0x08003e04                TIM8_UP_TIM13_IRQHandler
                0x08003e04                I2C3_ER_IRQHandler
                0x08003e04                FMPI2C1_Event_IRQHandler
                0x08003e04                EXTI0_IRQHandler
                0x08003e04                I2C2_EV_IRQHandler
                0x08003e04                DMA1_Stream2_IRQHandler
                0x08003e04                CAN1_RX0_IRQHandler
                0x08003e04                FPU_IRQHandler
                0x08003e04                OTG_HS_WKUP_IRQHandler
                0x08003e04                CAN2_SCE_IRQHandler
                0x08003e04                DMA2_Stream2_IRQHandler
                0x08003e04                SPI1_IRQHandler
                0x08003e04                TIM6_DAC_IRQHandler
                0x08003e04                TIM1_BRK_TIM9_IRQHandler
                0x08003e04                DCMI_IRQHandler
                0x08003e04                CAN2_RX0_IRQHandler
                0x08003e04                DMA2_Stream3_IRQHandler
                0x08003e04                SAI2_IRQHandler
                0x08003e04                USART6_IRQHandler
                0x08003e04                USART3_IRQHandler
                0x08003e04                CAN1_RX1_IRQHandler
                0x08003e04                UART5_IRQHandler
                0x08003e04                DMA2_Stream0_IRQHandler
                0x08003e04                TIM4_IRQHandler
                0x08003e04                QUADSPI_IRQHandler
                0x08003e04                I2C1_EV_IRQHandler
                0x08003e04                DMA1_Stream6_IRQHandler
                0x08003e04                DMA1_Stream1_IRQHandler
                0x08003e04                UART4_IRQHandler
                0x08003e04                TIM3_IRQHandler
                0x08003e04                RCC_IRQHandler
                0x08003e04                TIM8_BRK_TIM12_IRQHandler
                0x08003e04                Default_Handler
                0x08003e04                CEC_IRQHandler
                0x08003e04                ADC_IRQHandler
                0x08003e04                DMA1_Stream7_IRQHandler
                0x08003e04                TIM7_IRQHandler
                0x08003e04                CAN2_TX_IRQHandler
                0x08003e04                TIM5_IRQHandler
                0x08003e04                DMA2_Stream7_IRQHandler
                0x08003e04                I2C3_EV_IRQHandler
                0x08003e04                EXTI9_5_IRQHandler
                0x08003e04                RTC_WKUP_IRQHandler
                0x08003e04                SPDIF_RX_IRQHandler
                0x08003e04                SPI2_IRQHandler
                0x08003e04                OTG_HS_EP1_IN_IRQHandler
                0x08003e04                DMA1_Stream0_IRQHandler
                0x08003e04                CAN1_TX_IRQHandler
                0x08003e04                EXTI4_IRQHandler
                0x08003e04                OTG_HS_EP1_OUT_IRQHandler
                0x08003e04                WWDG_IRQHandler
                0x08003e04                OTG_FS_WKUP_IRQHandler
                0x08003e04                TIM1_TRG_COM_TIM11_IRQHandler
                0x08003e04                OTG_HS_IRQHandler
                0x08003e04                EXTI1_IRQHandler
                0x08003e04                USART2_IRQHandler
                0x08003e04                I2C2_ER_IRQHandler
                0x08003e04                DMA2_Stream1_IRQHandler
                0x08003e04                CAN1_SCE_IRQHandler
                0x08003e04                FLASH_IRQHandler
                0x08003e04                DMA2_Stream4_IRQHandler
                0x08003e04                USART1_IRQHandler
                0x08003e04                OTG_FS_IRQHandler
                0x08003e04                SPI3_IRQHandler
                0x08003e04                DMA1_Stream4_IRQHandler
                0x08003e04                FMC_IRQHandler
                0x08003e04                DMA2_Stream6_IRQHandler
                0x08003e04                SAI1_IRQHandler
                0x08003e04                DMA1_Stream3_IRQHandler
                0x08003e04                FMPI2C1_Error_IRQHandler
 *fill*         0x08003e06        0x2 
 .text.__libc_init_array
                0x08003e08       0x48 c:/program files (x86)/atollic/truestudio for stm32 9.3.0/armtools/bin/../lib/gcc/arm-atollic-eabi/6.3.1/../../../../arm-atollic-eabi/lib/armv7e-m/fpu\libc_nano.a(lib_a-init.o)
                0x08003e08                __libc_init_array
 .text._puts_r  0x08003e50       0xb8 c:/program files (x86)/atollic/truestudio for stm32 9.3.0/armtools/bin/../lib/gcc/arm-atollic-eabi/6.3.1/../../../../arm-atollic-eabi/lib/armv7e-m/fpu\libc_nano.a(lib_a-puts.o)
                0x08003e50                _puts_r
 .text.puts     0x08003f08       0x10 c:/program files (x86)/atollic/truestudio for stm32 9.3.0/armtools/bin/../lib/gcc/arm-atollic-eabi/6.3.1/../../../../arm-atollic-eabi/lib/armv7e-m/fpu\libc_nano.a(lib_a-puts.o)
                0x08003f08                puts
 .text.snprintf
                0x08003f18       0x68 c:/program files (x86)/atollic/truestudio for stm32 9.3.0/armtools/bin/../lib/gcc/arm-atollic-eabi/6.3.1/../../../../arm-atollic-eabi/lib/armv7e-m/fpu\libc_nano.a(lib_a-snprintf.o)
                0x08003f18                sniprintf
                0x08003f18                snprintf
 .text.sscanf   0x08003f80       0x54 c:/program files (x86)/atollic/truestudio for stm32 9.3.0/armtools/bin/../lib/gcc/arm-atollic-eabi/6.3.1/../../../../arm-atollic-eabi/lib/armv7e-m/fpu\libc_nano.a(lib_a-sscanf.o)
                0x08003f80                siscanf
                0x08003f80                sscanf
 .text.__sread  0x08003fd4       0x22 c:/program files (x86)/atollic/truestudio for stm32 9.3.0/armtools/bin/../lib/gcc/arm-atollic-eabi/6.3.1/../../../../arm-atollic-eabi/lib/armv7e-m/fpu\libc_nano.a(lib_a-stdio.o)
                0x08003fd4                __sread
 .text.__seofread
                0x08003ff6        0x4 c:/program files (x86)/atollic/truestudio for stm32 9.3.0/armtools/bin/../lib/gcc/arm-atollic-eabi/6.3.1/../../../../arm-atollic-eabi/lib/armv7e-m/fpu\libc_nano.a(lib_a-stdio.o)
                0x08003ff6                __seofread
 .text.__swrite
                0x08003ffa       0x38 c:/program files (x86)/atollic/truestudio for stm32 9.3.0/armtools/bin/../lib/gcc/arm-atollic-eabi/6.3.1/../../../../arm-atollic-eabi/lib/armv7e-m/fpu\libc_nano.a(lib_a-stdio.o)
                0x08003ffa                __swrite
 .text.__sseek  0x08004032       0x24 c:/program files (x86)/atollic/truestudio for stm32 9.3.0/armtools/bin/../lib/gcc/arm-atollic-eabi/6.3.1/../../../../arm-atollic-eabi/lib/armv7e-m/fpu\libc_nano.a(lib_a-stdio.o)
                0x08004032                __sseek
 .text.__sclose
                0x08004056        0x8 c:/program files (x86)/atollic/truestudio for stm32 9.3.0/armtools/bin/../lib/gcc/arm-atollic-eabi/6.3.1/../../../../arm-atollic-eabi/lib/armv7e-m/fpu\libc_nano.a(lib_a-stdio.o)
                0x08004056                __sclose
 *fill*         0x0800405e        0x2 
 .text.__swbuf_r
                0x08004060       0xa4 c:/program files (x86)/atollic/truestudio for stm32 9.3.0/armtools/bin/../lib/gcc/arm-atollic-eabi/6.3.1/../../../../arm-atollic-eabi/lib/armv7e-m/fpu\libc_nano.a(lib_a-wbuf.o)
                0x08004060                __swbuf_r
 .text._write_r
                0x08004104       0x24 c:/program files (x86)/atollic/truestudio for stm32 9.3.0/armtools/bin/../lib/gcc/arm-atollic-eabi/6.3.1/../../../../arm-atollic-eabi/lib/armv7e-m/fpu\libc_nano.a(lib_a-writer.o)
                0x08004104                _write_r
 .text.__swsetup_r
                0x08004128       0xdc c:/program files (x86)/atollic/truestudio for stm32 9.3.0/armtools/bin/../lib/gcc/arm-atollic-eabi/6.3.1/../../../../arm-atollic-eabi/lib/armv7e-m/fpu\libc_nano.a(lib_a-wsetup.o)
                0x08004128                __swsetup_r
 .text._close_r
                0x08004204       0x20 c:/program files (x86)/atollic/truestudio for stm32 9.3.0/armtools/bin/../lib/gcc/arm-atollic-eabi/6.3.1/../../../../arm-atollic-eabi/lib/armv7e-m/fpu\libc_nano.a(lib_a-closer.o)
                0x08004204                _close_r
 .text.__sflush_r
                0x08004224      0x110 c:/program files (x86)/atollic/truestudio for stm32 9.3.0/armtools/bin/../lib/gcc/arm-atollic-eabi/6.3.1/../../../../arm-atollic-eabi/lib/armv7e-m/fpu\libc_nano.a(lib_a-fflush.o)
                0x08004224                __sflush_r
 .text._fflush_r
                0x08004334       0x54 c:/program files (x86)/atollic/truestudio for stm32 9.3.0/armtools/bin/../lib/gcc/arm-atollic-eabi/6.3.1/../../../../arm-atollic-eabi/lib/armv7e-m/fpu\libc_nano.a(lib_a-fflush.o)
                0x08004334                _fflush_r
 .text._cleanup_r
                0x08004388        0xc c:/program files (x86)/atollic/truestudio for stm32 9.3.0/armtools/bin/../lib/gcc/arm-atollic-eabi/6.3.1/../../../../arm-atollic-eabi/lib/armv7e-m/fpu\libc_nano.a(lib_a-findfp.o)
                0x08004388                _cleanup_r
 .text.std.isra.0
                0x08004394       0x48 c:/program files (x86)/atollic/truestudio for stm32 9.3.0/armtools/bin/../lib/gcc/arm-atollic-eabi/6.3.1/../../../../arm-atollic-eabi/lib/armv7e-m/fpu\libc_nano.a(lib_a-findfp.o)
 .text.__sfmoreglue
                0x080043dc       0x2c c:/program files (x86)/atollic/truestudio for stm32 9.3.0/armtools/bin/../lib/gcc/arm-atollic-eabi/6.3.1/../../../../arm-atollic-eabi/lib/armv7e-m/fpu\libc_nano.a(lib_a-findfp.o)
                0x080043dc                __sfmoreglue
 .text.__sinit  0x08004408       0x60 c:/program files (x86)/atollic/truestudio for stm32 9.3.0/armtools/bin/../lib/gcc/arm-atollic-eabi/6.3.1/../../../../arm-atollic-eabi/lib/armv7e-m/fpu\libc_nano.a(lib_a-findfp.o)
                0x08004408                __sinit
 .text.__sfp    0x08004468       0x78 c:/program files (x86)/atollic/truestudio for stm32 9.3.0/armtools/bin/../lib/gcc/arm-atollic-eabi/6.3.1/../../../../arm-atollic-eabi/lib/armv7e-m/fpu\libc_nano.a(lib_a-findfp.o)
                0x08004468                __sfp
 .text._fwalk_reent
                0x080044e0       0x3c c:/program files (x86)/atollic/truestudio for stm32 9.3.0/armtools/bin/../lib/gcc/arm-atollic-eabi/6.3.1/../../../../arm-atollic-eabi/lib/armv7e-m/fpu\libc_nano.a(lib_a-fwalk.o)
                0x080044e0                _fwalk_reent
 .text._lseek_r
                0x0800451c       0x24 c:/program files (x86)/atollic/truestudio for stm32 9.3.0/armtools/bin/../lib/gcc/arm-atollic-eabi/6.3.1/../../../../arm-atollic-eabi/lib/armv7e-m/fpu\libc_nano.a(lib_a-lseekr.o)
                0x0800451c                _lseek_r
 .text.__swhatbuf_r
                0x08004540       0x48 c:/program files (x86)/atollic/truestudio for stm32 9.3.0/armtools/bin/../lib/gcc/arm-atollic-eabi/6.3.1/../../../../arm-atollic-eabi/lib/armv7e-m/fpu\libc_nano.a(lib_a-makebuf.o)
                0x08004540                __swhatbuf_r
 .text.__smakebuf_r
                0x08004588       0x80 c:/program files (x86)/atollic/truestudio for stm32 9.3.0/armtools/bin/../lib/gcc/arm-atollic-eabi/6.3.1/../../../../arm-atollic-eabi/lib/armv7e-m/fpu\libc_nano.a(lib_a-makebuf.o)
                0x08004588                __smakebuf_r
 .text.memset   0x08004608       0x10 c:/program files (x86)/atollic/truestudio for stm32 9.3.0/armtools/bin/../lib/gcc/arm-atollic-eabi/6.3.1/../../../../arm-atollic-eabi/lib/armv7e-m/fpu\libc_nano.a(lib_a-memset.o)
                0x08004608                memset
 .text._free_r  0x08004618       0x9c c:/program files (x86)/atollic/truestudio for stm32 9.3.0/armtools/bin/../lib/gcc/arm-atollic-eabi/6.3.1/../../../../arm-atollic-eabi/lib/armv7e-m/fpu\libc_nano.a(lib_a-nano-freer.o)
                0x08004618                _free_r
 .text._malloc_r
                0x080046b4       0xbc c:/program files (x86)/atollic/truestudio for stm32 9.3.0/armtools/bin/../lib/gcc/arm-atollic-eabi/6.3.1/../../../../arm-atollic-eabi/lib/armv7e-m/fpu\libc_nano.a(lib_a-nano-mallocr.o)
                0x080046b4                _malloc_r
 .text.__ssputs_r
                0x08004770       0xb6 c:/program files (x86)/atollic/truestudio for stm32 9.3.0/armtools/bin/../lib/gcc/arm-atollic-eabi/6.3.1/../../../../arm-atollic-eabi/lib/armv7e-m/fpu\libc_nano.a(lib_a-nano-svfprintf.o)
                0x08004770                __ssputs_r
 *fill*         0x08004826        0x2 
 .text._svfprintf_r
                0x08004828      0x1e8 c:/program files (x86)/atollic/truestudio for stm32 9.3.0/armtools/bin/../lib/gcc/arm-atollic-eabi/6.3.1/../../../../arm-atollic-eabi/lib/armv7e-m/fpu\libc_nano.a(lib_a-nano-svfprintf.o)
                0x08004828                _svfiprintf_r
                0x08004828                _svfprintf_r
 .text._sungetc_r
                0x08004a10       0x7a c:/program files (x86)/atollic/truestudio for stm32 9.3.0/armtools/bin/../lib/gcc/arm-atollic-eabi/6.3.1/../../../../arm-atollic-eabi/lib/armv7e-m/fpu\libc_nano.a(lib_a-nano-svfscanf.o)
                0x08004a10                _sungetc_r
 .text.__ssrefill_r
                0x08004a8a       0x3a c:/program files (x86)/atollic/truestudio for stm32 9.3.0/armtools/bin/../lib/gcc/arm-atollic-eabi/6.3.1/../../../../arm-atollic-eabi/lib/armv7e-m/fpu\libc_nano.a(lib_a-nano-svfscanf.o)
                0x08004a8a                __ssrefill_r
 .text.__ssvfscanf_r
                0x08004ac4      0x2a8 c:/program files (x86)/atollic/truestudio for stm32 9.3.0/armtools/bin/../lib/gcc/arm-atollic-eabi/6.3.1/../../../../arm-atollic-eabi/lib/armv7e-m/fpu\libc_nano.a(lib_a-nano-svfscanf.o)
                0x08004ac4                __ssvfiscanf_r
                0x08004ac4                __ssvfscanf_r
 .text._printf_common
                0x08004d6c       0xec c:/program files (x86)/atollic/truestudio for stm32 9.3.0/armtools/bin/../lib/gcc/arm-atollic-eabi/6.3.1/../../../../arm-atollic-eabi/lib/armv7e-m/fpu\libc_nano.a(lib_a-nano-vfprintf_i.o)
                0x08004d6c                _printf_common
 .text._printf_i
                0x08004e58      0x240 c:/program files (x86)/atollic/truestudio for stm32 9.3.0/armtools/bin/../lib/gcc/arm-atollic-eabi/6.3.1/../../../../arm-atollic-eabi/lib/armv7e-m/fpu\libc_nano.a(lib_a-nano-vfprintf_i.o)
                0x08004e58                _printf_i
 .text._scanf_chars
                0x08005098       0xc8 c:/program files (x86)/atollic/truestudio for stm32 9.3.0/armtools/bin/../lib/gcc/arm-atollic-eabi/6.3.1/../../../../arm-atollic-eabi/lib/armv7e-m/fpu\libc_nano.a(lib_a-nano-vfscanf_i.o)
                0x08005098                _scanf_chars
 .text._scanf_i
                0x08005160      0x1e8 c:/program files (x86)/atollic/truestudio for stm32 9.3.0/armtools/bin/../lib/gcc/arm-atollic-eabi/6.3.1/../../../../arm-atollic-eabi/lib/armv7e-m/fpu\libc_nano.a(lib_a-nano-vfscanf_i.o)
                0x08005160                _scanf_i
 .text._read_r  0x08005348       0x24 c:/program files (x86)/atollic/truestudio for stm32 9.3.0/armtools/bin/../lib/gcc/arm-atollic-eabi/6.3.1/../../../../arm-atollic-eabi/lib/armv7e-m/fpu\libc_nano.a(lib_a-readr.o)
                0x08005348                _read_r
 .text._sbrk_r  0x0800536c       0x20 c:/program files (x86)/atollic/truestudio for stm32 9.3.0/armtools/bin/../lib/gcc/arm-atollic-eabi/6.3.1/../../../../arm-atollic-eabi/lib/armv7e-m/fpu\libc_nano.a(lib_a-sbrkr.o)
                0x0800536c                _sbrk_r
 .text.__sccl   0x0800538c       0x60 c:/program files (x86)/atollic/truestudio for stm32 9.3.0/armtools/bin/../lib/gcc/arm-atollic-eabi/6.3.1/../../../../arm-atollic-eabi/lib/armv7e-m/fpu\libc_nano.a(lib_a-sccl.o)
                0x0800538c                __sccl
 .text._strtol_l.isra.0
                0x080053ec      0x100 c:/program files (x86)/atollic/truestudio for stm32 9.3.0/armtools/bin/../lib/gcc/arm-atollic-eabi/6.3.1/../../../../arm-atollic-eabi/lib/armv7e-m/fpu\libc_nano.a(lib_a-strtol.o)
 .text._strtol_r
                0x080054ec       0x24 c:/program files (x86)/atollic/truestudio for stm32 9.3.0/armtools/bin/../lib/gcc/arm-atollic-eabi/6.3.1/../../../../arm-atollic-eabi/lib/armv7e-m/fpu\libc_nano.a(lib_a-strtol.o)
                0x080054ec                _strtol_r
 .text._strtoul_l.isra.0
                0x08005510       0xfa c:/program files (x86)/atollic/truestudio for stm32 9.3.0/armtools/bin/../lib/gcc/arm-atollic-eabi/6.3.1/../../../../arm-atollic-eabi/lib/armv7e-m/fpu\libc_nano.a(lib_a-strtoul.o)
 *fill*         0x0800560a        0x2 
 .text._strtoul_r
                0x0800560c       0x24 c:/program files (x86)/atollic/truestudio for stm32 9.3.0/armtools/bin/../lib/gcc/arm-atollic-eabi/6.3.1/../../../../arm-atollic-eabi/lib/armv7e-m/fpu\libc_nano.a(lib_a-strtoul.o)
                0x0800560c                _strtoul_r
 .text.__submore
                0x08005630       0x76 c:/program files (x86)/atollic/truestudio for stm32 9.3.0/armtools/bin/../lib/gcc/arm-atollic-eabi/6.3.1/../../../../arm-atollic-eabi/lib/armv7e-m/fpu\libc_nano.a(lib_a-ungetc.o)
                0x08005630                __submore
 *fill*         0x080056a6        0x2 
 .text._fstat_r
                0x080056a8       0x24 c:/program files (x86)/atollic/truestudio for stm32 9.3.0/armtools/bin/../lib/gcc/arm-atollic-eabi/6.3.1/../../../../arm-atollic-eabi/lib/armv7e-m/fpu\libc_nano.a(lib_a-fstatr.o)
                0x080056a8                _fstat_r
 .text._isatty_r
                0x080056cc       0x20 c:/program files (x86)/atollic/truestudio for stm32 9.3.0/armtools/bin/../lib/gcc/arm-atollic-eabi/6.3.1/../../../../arm-atollic-eabi/lib/armv7e-m/fpu\libc_nano.a(lib_a-isattyr.o)
                0x080056cc                _isatty_r
 .text.__locale_ctype_ptr_l
                0x080056ec        0x6 c:/program files (x86)/atollic/truestudio for stm32 9.3.0/armtools/bin/../lib/gcc/arm-atollic-eabi/6.3.1/../../../../arm-atollic-eabi/lib/armv7e-m/fpu\libc_nano.a(lib_a-locale.o)
                0x080056ec                __locale_ctype_ptr_l
 *fill*         0x080056f2        0x2 
 .text.__locale_ctype_ptr
                0x080056f4       0x1c c:/program files (x86)/atollic/truestudio for stm32 9.3.0/armtools/bin/../lib/gcc/arm-atollic-eabi/6.3.1/../../../../arm-atollic-eabi/lib/armv7e-m/fpu\libc_nano.a(lib_a-locale.o)
                0x080056f4                __locale_ctype_ptr
 .text.__ascii_mbtowc
                0x08005710       0x24 c:/program files (x86)/atollic/truestudio for stm32 9.3.0/armtools/bin/../lib/gcc/arm-atollic-eabi/6.3.1/../../../../arm-atollic-eabi/lib/armv7e-m/fpu\libc_nano.a(lib_a-mbtowc_r.o)
                0x08005710                __ascii_mbtowc
 .text.memcpy   0x08005734       0x16 c:/program files (x86)/atollic/truestudio for stm32 9.3.0/armtools/bin/../lib/gcc/arm-atollic-eabi/6.3.1/../../../../arm-atollic-eabi/lib/armv7e-m/fpu\libc_nano.a(lib_a-memcpy-stub.o)
                0x08005734                memcpy
 .text.memmove  0x0800574a       0x34 c:/program files (x86)/atollic/truestudio for stm32 9.3.0/armtools/bin/../lib/gcc/arm-atollic-eabi/6.3.1/../../../../arm-atollic-eabi/lib/armv7e-m/fpu\libc_nano.a(lib_a-memmove.o)
                0x0800574a                memmove
 .text.__malloc_lock
                0x0800577e        0x2 c:/program files (x86)/atollic/truestudio for stm32 9.3.0/armtools/bin/../lib/gcc/arm-atollic-eabi/6.3.1/../../../../arm-atollic-eabi/lib/armv7e-m/fpu\libc_nano.a(lib_a-mlock.o)
                0x0800577e                __malloc_lock
 .text.__malloc_unlock
                0x08005780        0x2 c:/program files (x86)/atollic/truestudio for stm32 9.3.0/armtools/bin/../lib/gcc/arm-atollic-eabi/6.3.1/../../../../arm-atollic-eabi/lib/armv7e-m/fpu\libc_nano.a(lib_a-mlock.o)
                0x08005780                __malloc_unlock
 .text._realloc_r
                0x08005782       0x4c c:/program files (x86)/atollic/truestudio for stm32 9.3.0/armtools/bin/../lib/gcc/arm-atollic-eabi/6.3.1/../../../../arm-atollic-eabi/lib/armv7e-m/fpu\libc_nano.a(lib_a-nano-reallocr.o)
                0x08005782                _realloc_r
 .text.__ascii_wctomb
                0x080057ce       0x1a c:/program files (x86)/atollic/truestudio for stm32 9.3.0/armtools/bin/../lib/gcc/arm-atollic-eabi/6.3.1/../../../../arm-atollic-eabi/lib/armv7e-m/fpu\libc_nano.a(lib_a-wctomb_r.o)
                0x080057ce                __ascii_wctomb
 .text._malloc_usable_size_r
                0x080057e8       0x12 c:/program files (x86)/atollic/truestudio for stm32 9.3.0/armtools/bin/../lib/gcc/arm-atollic-eabi/6.3.1/../../../../arm-atollic-eabi/lib/armv7e-m/fpu\libc_nano.a(lib_a-nano-msizer.o)
                0x080057e8                _malloc_usable_size_r
 *fill*         0x080057fa        0x2 
 .text.pow      0x080057fc      0x2f0 c:/program files (x86)/atollic/truestudio for stm32 9.3.0/armtools/bin/../lib/gcc/arm-atollic-eabi/6.3.1/../../../../arm-atollic-eabi/lib/armv7e-m/fpu\libm.a(lib_a-w_pow.o)
                0x080057fc                pow
 *fill*         0x08005aec        0x4 
 .text.__ieee754_pow
                0x08005af0      0xa24 c:/program files (x86)/atollic/truestudio for stm32 9.3.0/armtools/bin/../lib/gcc/arm-atollic-eabi/6.3.1/../../../../arm-atollic-eabi/lib/armv7e-m/fpu\libm.a(lib_a-e_pow.o)
                0x08005af0                __ieee754_pow
 .text.__ieee754_sqrt
                0x08006514      0x160 c:/program files (x86)/atollic/truestudio for stm32 9.3.0/armtools/bin/../lib/gcc/arm-atollic-eabi/6.3.1/../../../../arm-atollic-eabi/lib/armv7e-m/fpu\libm.a(lib_a-e_sqrt.o)
                0x08006514                __ieee754_sqrt
 .text.fabs     0x08006674        0xe c:/program files (x86)/atollic/truestudio for stm32 9.3.0/armtools/bin/../lib/gcc/arm-atollic-eabi/6.3.1/../../../../arm-atollic-eabi/lib/armv7e-m/fpu\libm.a(lib_a-s_fabs.o)
                0x08006674                fabs
 .text.finite   0x08006682       0x10 c:/program files (x86)/atollic/truestudio for stm32 9.3.0/armtools/bin/../lib/gcc/arm-atollic-eabi/6.3.1/../../../../arm-atollic-eabi/lib/armv7e-m/fpu\libm.a(lib_a-s_finite.o)
                0x08006682                finite
 .text.matherr  0x08006692        0x4 c:/program files (x86)/atollic/truestudio for stm32 9.3.0/armtools/bin/../lib/gcc/arm-atollic-eabi/6.3.1/../../../../arm-atollic-eabi/lib/armv7e-m/fpu\libm.a(lib_a-s_matherr.o)
                0x08006692                matherr
 *fill*         0x08006696        0x2 
 .text.nan      0x08006698       0x10 c:/program files (x86)/atollic/truestudio for stm32 9.3.0/armtools/bin/../lib/gcc/arm-atollic-eabi/6.3.1/../../../../arm-atollic-eabi/lib/armv7e-m/fpu\libm.a(lib_a-s_nan.o)
                0x08006698                nan
 .text.rint     0x080066a8      0x110 c:/program files (x86)/atollic/truestudio for stm32 9.3.0/armtools/bin/../lib/gcc/arm-atollic-eabi/6.3.1/../../../../arm-atollic-eabi/lib/armv7e-m/fpu\libm.a(lib_a-s_rint.o)
                0x080066a8                rint
 .text.scalbn   0x080067b8       0xf4 c:/program files (x86)/atollic/truestudio for stm32 9.3.0/armtools/bin/../lib/gcc/arm-atollic-eabi/6.3.1/../../../../arm-atollic-eabi/lib/armv7e-m/fpu\libm.a(lib_a-s_scalbn.o)
                0x080067b8                scalbn
 .text.copysign
                0x080068ac       0x1a c:/program files (x86)/atollic/truestudio for stm32 9.3.0/armtools/bin/../lib/gcc/arm-atollic-eabi/6.3.1/../../../../arm-atollic-eabi/lib/armv7e-m/fpu\libm.a(lib_a-s_copysign.o)
                0x080068ac                copysign
 *fill*         0x080068c6        0x2 
 .text.__errno  0x080068c8        0xc c:/program files (x86)/atollic/truestudio for stm32 9.3.0/armtools/bin/../lib/gcc/arm-atollic-eabi/6.3.1/../../../../arm-atollic-eabi/lib/armv7e-m/fpu\libc_nano.a(lib_a-errno.o)
                0x080068c8                __errno
 *(.glue_7)
 .glue_7        0x080068d4        0x0 linker stubs
 *(.glue_7t)
 .glue_7t       0x080068d4        0x0 linker stubs
 *(.eh_frame)
 .eh_frame      0x080068d4        0x0 c:/program files (x86)/atollic/truestudio for stm32 9.3.0/armtools/bin/../lib/gcc/arm-atollic-eabi/6.3.1/armv7e-m/fpu/crtbegin.o
 *(.init)
 .init          0x080068d4        0x4 c:/program files (x86)/atollic/truestudio for stm32 9.3.0/armtools/bin/../lib/gcc/arm-atollic-eabi/6.3.1/armv7e-m/fpu/crti.o
                0x080068d4                _init
 .init          0x080068d8        0x8 c:/program files (x86)/atollic/truestudio for stm32 9.3.0/armtools/bin/../lib/gcc/arm-atollic-eabi/6.3.1/armv7e-m/fpu/crtn.o
 *(.fini)
 .fini          0x080068e0        0x4 c:/program files (x86)/atollic/truestudio for stm32 9.3.0/armtools/bin/../lib/gcc/arm-atollic-eabi/6.3.1/armv7e-m/fpu/crti.o
                0x080068e0                _fini
 .fini          0x080068e4        0x8 c:/program files (x86)/atollic/truestudio for stm32 9.3.0/armtools/bin/../lib/gcc/arm-atollic-eabi/6.3.1/armv7e-m/fpu/crtn.o
                0x080068ec                . = ALIGN (0x4)
                0x080068ec                _etext = .

.vfp11_veneer   0x080068ec        0x0
 .vfp11_veneer  0x080068ec        0x0 linker stubs

.v4_bx          0x080068ec        0x0
 .v4_bx         0x080068ec        0x0 linker stubs

.iplt           0x080068ec        0x0
 .iplt          0x080068ec        0x0 c:/program files (x86)/atollic/truestudio for stm32 9.3.0/armtools/bin/../lib/gcc/arm-atollic-eabi/6.3.1/armv7e-m/fpu/crtbegin.o

.rodata         0x080068f0      0x2d0
                0x080068f0                . = ALIGN (0x4)
 *(.rodata)
 .rodata        0x080068f0        0xc c:/program files (x86)/atollic/truestudio for stm32 9.3.0/armtools/bin/../lib/gcc/arm-atollic-eabi/6.3.1/../../../../arm-atollic-eabi/lib/armv7e-m/fpu\libc_nano.a(lib_a-nano-vfscanf_i.o)
 *(.rodata*)
 .rodata.show_title.str1.1
                0x080068fc        0x6 Menu\Src\view_main_menu.o
 .rodata.vm_FSK_cb.str1.1
                0x08006902        0xf Menu\Src\view_main_menu.o
 .rodata.vm_PSK_cb.str1.1
                0x08006911        0xf Menu\Src\view_main_menu.o
 .rodata.vm_frequency_meter_cb.str1.1
                0x08006920       0x10 Menu\Src\view_main_menu.o
 .rodata.vm_generator_cb.str1.1
                0x08006930        0xa Menu\Src\view_main_menu.o
 .rodata.CSWTCH.49
                0x0800693a        0xa Menu\Src\view_tune_generator_cb.o
 .rodata.parameter_show.str1.1
                0x08006944        0x6 Menu\Src\view_tune_generator_cb.o
 .rodata.vtg_init.str1.1
                0x0800694a       0x12 Menu\Src\view_tune_generator_cb.o
 .rodata.MX_I2C1_Init.str1.1
                0x0800695c        0xd Src\i2c.o
 .rodata.main.str1.1
                0x08006969       0x17 Src\main.o
 .rodata.AHBPrescTable
                0x08006980       0x10 Src\system_stm32f4xx.o
                0x08006980                AHBPrescTable
 .rodata.APBPrescTable
                0x08006990        0x8 Src\system_stm32f4xx.o
                0x08006990                APBPrescTable
 .rodata.MX_TIM1_Init.str1.1
                0x08006998        0xd Src\tim.o
 .rodata.MX_USART2_UART_Init.str1.1
                0x080069a5        0xf Src\usart.o
 .rodata.lineOffsets.9695
                0x080069b4        0x4 lcd_hd44780\Src\lcd_hd44780_i2c.o
 .rodata.__sf_fake_stderr
                0x080069b8       0x20 c:/program files (x86)/atollic/truestudio for stm32 9.3.0/armtools/bin/../lib/gcc/arm-atollic-eabi/6.3.1/../../../../arm-atollic-eabi/lib/armv7e-m/fpu\libc_nano.a(lib_a-findfp.o)
                0x080069b8                __sf_fake_stderr
 .rodata.__sf_fake_stdin
                0x080069d8       0x20 c:/program files (x86)/atollic/truestudio for stm32 9.3.0/armtools/bin/../lib/gcc/arm-atollic-eabi/6.3.1/../../../../arm-atollic-eabi/lib/armv7e-m/fpu\libc_nano.a(lib_a-findfp.o)
                0x080069d8                __sf_fake_stdin
 .rodata.__sf_fake_stdout
                0x080069f8       0x20 c:/program files (x86)/atollic/truestudio for stm32 9.3.0/armtools/bin/../lib/gcc/arm-atollic-eabi/6.3.1/../../../../arm-atollic-eabi/lib/armv7e-m/fpu\libc_nano.a(lib_a-findfp.o)
                0x080069f8                __sf_fake_stdout
 .rodata._global_impure_ptr
                0x08006a18        0x4 c:/program files (x86)/atollic/truestudio for stm32 9.3.0/armtools/bin/../lib/gcc/arm-atollic-eabi/6.3.1/../../../../arm-atollic-eabi/lib/armv7e-m/fpu\libc_nano.a(lib_a-impure.o)
                0x08006a18                _global_impure_ptr
 .rodata._svfprintf_r.str1.1
                0x08006a1c       0x11 c:/program files (x86)/atollic/truestudio for stm32 9.3.0/armtools/bin/../lib/gcc/arm-atollic-eabi/6.3.1/../../../../arm-atollic-eabi/lib/armv7e-m/fpu\libc_nano.a(lib_a-nano-svfprintf.o)
 .rodata.__ssvfscanf_r.str1.1
                0x08006a2d        0x4 c:/program files (x86)/atollic/truestudio for stm32 9.3.0/armtools/bin/../lib/gcc/arm-atollic-eabi/6.3.1/../../../../arm-atollic-eabi/lib/armv7e-m/fpu\libc_nano.a(lib_a-nano-svfscanf.o)
 .rodata._printf_i.str1.1
                0x08006a2d       0x22 c:/program files (x86)/atollic/truestudio for stm32 9.3.0/armtools/bin/../lib/gcc/arm-atollic-eabi/6.3.1/../../../../arm-atollic-eabi/lib/armv7e-m/fpu\libc_nano.a(lib_a-nano-vfprintf_i.o)
 .rodata._scanf_i.str1.1
                0x08006a4f       0x12 c:/program files (x86)/atollic/truestudio for stm32 9.3.0/armtools/bin/../lib/gcc/arm-atollic-eabi/6.3.1/../../../../arm-atollic-eabi/lib/armv7e-m/fpu\libc_nano.a(lib_a-nano-vfscanf_i.o)
 .rodata.str1.1
                0x08006a61        0x9 c:/program files (x86)/atollic/truestudio for stm32 9.3.0/armtools/bin/../lib/gcc/arm-atollic-eabi/6.3.1/../../../../arm-atollic-eabi/lib/armv7e-m/fpu\libc_nano.a(lib_a-nano-vfscanf_i.o)
 .rodata._setlocale_r.str1.1
                0x08006a6a        0x8 c:/program files (x86)/atollic/truestudio for stm32 9.3.0/armtools/bin/../lib/gcc/arm-atollic-eabi/6.3.1/../../../../arm-atollic-eabi/lib/armv7e-m/fpu\libc_nano.a(lib_a-locale.o)
                                  0x9 (size before relaxing)
 .rodata.str1.1
                0x08006a72        0x2 c:/program files (x86)/atollic/truestudio for stm32 9.3.0/armtools/bin/../lib/gcc/arm-atollic-eabi/6.3.1/../../../../arm-atollic-eabi/lib/armv7e-m/fpu\libc_nano.a(lib_a-locale.o)
 .rodata._ctype_
                0x08006a74      0x101 c:/program files (x86)/atollic/truestudio for stm32 9.3.0/armtools/bin/../lib/gcc/arm-atollic-eabi/6.3.1/../../../../arm-atollic-eabi/lib/armv7e-m/fpu\libc_nano.a(lib_a-ctype_.o)
                0x08006a74                _ctype_
 .rodata.pow.str1.1
                0x08006b75        0x4 c:/program files (x86)/atollic/truestudio for stm32 9.3.0/armtools/bin/../lib/gcc/arm-atollic-eabi/6.3.1/../../../../arm-atollic-eabi/lib/armv7e-m/fpu\libm.a(lib_a-w_pow.o)
 .rodata.__ieee754_pow.str1.1
                0x08006b79        0x1 c:/program files (x86)/atollic/truestudio for stm32 9.3.0/armtools/bin/../lib/gcc/arm-atollic-eabi/6.3.1/../../../../arm-atollic-eabi/lib/armv7e-m/fpu\libm.a(lib_a-e_pow.o)
 *fill*         0x08006b79        0x7 
 .rodata.bp     0x08006b80       0x10 c:/program files (x86)/atollic/truestudio for stm32 9.3.0/armtools/bin/../lib/gcc/arm-atollic-eabi/6.3.1/../../../../arm-atollic-eabi/lib/armv7e-m/fpu\libm.a(lib_a-e_pow.o)
 .rodata.dp_h   0x08006b90       0x10 c:/program files (x86)/atollic/truestudio for stm32 9.3.0/armtools/bin/../lib/gcc/arm-atollic-eabi/6.3.1/../../../../arm-atollic-eabi/lib/armv7e-m/fpu\libm.a(lib_a-e_pow.o)
 .rodata.dp_l   0x08006ba0       0x10 c:/program files (x86)/atollic/truestudio for stm32 9.3.0/armtools/bin/../lib/gcc/arm-atollic-eabi/6.3.1/../../../../arm-atollic-eabi/lib/armv7e-m/fpu\libm.a(lib_a-e_pow.o)
 .rodata.TWO52  0x08006bb0       0x10 c:/program files (x86)/atollic/truestudio for stm32 9.3.0/armtools/bin/../lib/gcc/arm-atollic-eabi/6.3.1/../../../../arm-atollic-eabi/lib/armv7e-m/fpu\libm.a(lib_a-s_rint.o)
                0x08006bc0                . = ALIGN (0x4)

.ARM.extab
 *(.ARM.extab* .gnu.linkonce.armextab.*)

.ARM            0x08006bc0        0x8
                0x08006bc0                __exidx_start = .
 *(.ARM.exidx*)
 .ARM.exidx     0x08006bc0        0x8 c:/program files (x86)/atollic/truestudio for stm32 9.3.0/armtools/bin/../lib/gcc/arm-atollic-eabi/6.3.1/armv7e-m/fpu\libgcc.a(_udivmoddi4.o)
                0x08006bc8                __exidx_end = .

.rel.dyn        0x08006bc8        0x0
 .rel.iplt      0x08006bc8        0x0 c:/program files (x86)/atollic/truestudio for stm32 9.3.0/armtools/bin/../lib/gcc/arm-atollic-eabi/6.3.1/armv7e-m/fpu/crtbegin.o

.preinit_array  0x08006bc8        0x0
                0x08006bc8                PROVIDE (__preinit_array_start, .)
 *(.preinit_array*)
                0x08006bc8                PROVIDE (__preinit_array_end, .)

.init_array     0x08006bc8        0x4
                0x08006bc8                PROVIDE (__init_array_start, .)
 *(SORT(.init_array.*))
 *(.init_array*)
 .init_array    0x08006bc8        0x4 c:/program files (x86)/atollic/truestudio for stm32 9.3.0/armtools/bin/../lib/gcc/arm-atollic-eabi/6.3.1/armv7e-m/fpu/crtbegin.o
                0x08006bcc                PROVIDE (__init_array_end, .)

.fini_array     0x08006bcc        0x4
                [!provide]                PROVIDE (__fini_array_start, .)
 *(SORT(.fini_array.*))
 *(.fini_array*)
 .fini_array    0x08006bcc        0x4 c:/program files (x86)/atollic/truestudio for stm32 9.3.0/armtools/bin/../lib/gcc/arm-atollic-eabi/6.3.1/armv7e-m/fpu/crtbegin.o
                [!provide]                PROVIDE (__fini_array_end, .)
                0x08006bd0                _sidata = LOADADDR (.data)

.data           0x20000000      0x1f4 load address 0x08006bd0
                0x20000000                . = ALIGN (0x4)
                0x20000000                _sdata = .
 *(.data)
 *(.data*)
 .data.uwTickFreq
                0x20000000        0x1 Drivers\STM32F4xx_HAL_Driver\Src\stm32f4xx_hal.o
                0x20000000                uwTickFreq
 *fill*         0x20000001        0x3 
 .data.uwTickPrio
                0x20000004        0x4 Drivers\STM32F4xx_HAL_Driver\Src\stm32f4xx_hal.o
                0x20000004                uwTickPrio
 .data.amplitude_prefix
                0x20000008        0x2 Menu\Src\view_tune_generator_cb.o
                0x20000008                amplitude_prefix
 .data.frequency_prefix
                0x2000000a        0x3 Menu\Src\view_tune_generator_cb.o
                0x2000000a                frequency_prefix
 .data.generator_select_option
                0x2000000d        0xa Menu\Src\view_tune_generator_cb.o
                0x2000000d                generator_select_option
 .data.value_order
                0x20000017        0x1 Menu\Src\view_tune_generator_cb.o
                0x20000017                value_order
 .data.value_order_column
                0x20000018        0x1 Menu\Src\view_tune_generator_cb.o
                0x20000018                value_order_column
 *fill*         0x20000019        0x3 
 .data.SystemCoreClock
                0x2000001c        0x4 Src\system_stm32f4xx.o
                0x2000001c                SystemCoreClock
 .data._impure_ptr
                0x20000020        0x4 c:/program files (x86)/atollic/truestudio for stm32 9.3.0/armtools/bin/../lib/gcc/arm-atollic-eabi/6.3.1/../../../../arm-atollic-eabi/lib/armv7e-m/fpu\libc_nano.a(lib_a-impure.o)
                0x20000020                _impure_ptr
 .data.impure_data
                0x20000024       0x60 c:/program files (x86)/atollic/truestudio for stm32 9.3.0/armtools/bin/../lib/gcc/arm-atollic-eabi/6.3.1/../../../../arm-atollic-eabi/lib/armv7e-m/fpu\libc_nano.a(lib_a-impure.o)
 .data.__global_locale
                0x20000084      0x16c c:/program files (x86)/atollic/truestudio for stm32 9.3.0/armtools/bin/../lib/gcc/arm-atollic-eabi/6.3.1/../../../../arm-atollic-eabi/lib/armv7e-m/fpu\libc_nano.a(lib_a-locale.o)
                0x20000084                __global_locale
 .data.__fdlib_version
                0x200001f0        0x1 c:/program files (x86)/atollic/truestudio for stm32 9.3.0/armtools/bin/../lib/gcc/arm-atollic-eabi/6.3.1/../../../../arm-atollic-eabi/lib/armv7e-m/fpu\libm.a(lib_a-s_lib_ver.o)
                0x200001f0                __fdlib_version
                0x200001f4                . = ALIGN (0x4)
 *fill*         0x200001f1        0x3 
                0x200001f4                _edata = .

.igot.plt       0x200001f4        0x0 load address 0x08006dc4
 .igot.plt      0x200001f4        0x0 c:/program files (x86)/atollic/truestudio for stm32 9.3.0/armtools/bin/../lib/gcc/arm-atollic-eabi/6.3.1/armv7e-m/fpu/crtbegin.o
                0x200001f4                . = ALIGN (0x4)

.bss            0x200001f4      0x29c load address 0x08006dc4
                0x200001f4                _sbss = .
                0x200001f4                __bss_start__ = _sbss
 *(.bss)
 .bss           0x200001f4       0x1c c:/program files (x86)/atollic/truestudio for stm32 9.3.0/armtools/bin/../lib/gcc/arm-atollic-eabi/6.3.1/armv7e-m/fpu/crtbegin.o
 *(.bss*)
 .bss.event_handler
                0x20000210        0x1 Menu\Src\event.o
                0x20000210                event_handler
 *fill*         0x20000211        0x3 
 .bss.temp      0x20000214        0x4 Menu\Src\event.o
                0x20000214                temp
 .bss.amplitude_val_length
                0x20000218        0x1 Menu\Src\view_tune_generator_cb.o
                0x20000218                amplitude_val_length
 .bss.current_amplitude_prefix
                0x20000219        0x1 Menu\Src\view_tune_generator_cb.o
                0x20000219                current_amplitude_prefix
 .bss.current_frequency_prefix
                0x2000021a        0x1 Menu\Src\view_tune_generator_cb.o
                0x2000021a                current_frequency_prefix
 .bss.frequency_val_length
                0x2000021b        0x1 Menu\Src\view_tune_generator_cb.o
                0x2000021b                frequency_val_length
 .bss.option_current
                0x2000021c        0x1 Menu\Src\view_tune_generator_cb.o
                0x2000021c                option_current
 .bss.value_order_row
                0x2000021d        0x1 Menu\Src\view_tune_generator_cb.o
                0x2000021d                value_order_row
 *fill*         0x2000021e        0x2 
 .bss.heap_end.9750
                0x20000220        0x4 Src\syscalls.o
 .bss.lcdCommandBuffer
                0x20000224        0x6 lcd_hd44780\Src\lcd_hd44780_i2c.o
                0x20000224                lcdCommandBuffer
 *fill*         0x2000022a        0x2 
 .bss.lcdParams
                0x2000022c        0xc lcd_hd44780\Src\lcd_hd44780_i2c.o
 .bss.__malloc_free_list
                0x20000238        0x4 c:/program files (x86)/atollic/truestudio for stm32 9.3.0/armtools/bin/../lib/gcc/arm-atollic-eabi/6.3.1/../../../../arm-atollic-eabi/lib/armv7e-m/fpu\libc_nano.a(lib_a-nano-mallocr.o)
                0x20000238                __malloc_free_list
 .bss.__malloc_sbrk_start
                0x2000023c        0x4 c:/program files (x86)/atollic/truestudio for stm32 9.3.0/armtools/bin/../lib/gcc/arm-atollic-eabi/6.3.1/../../../../arm-atollic-eabi/lib/armv7e-m/fpu\libc_nano.a(lib_a-nano-mallocr.o)
                0x2000023c                __malloc_sbrk_start
 *(COMMON)
 COMMON         0x20000240       0x24 AD9834\Src\AD9834.o
                0x20000240                DDS
 COMMON         0x20000264        0x4 Drivers\STM32F4xx_HAL_Driver\Src\stm32f4xx_hal.o
                0x20000264                uwTick
 COMMON         0x20000268        0x2 Menu\Src\event.o
                0x20000268                pulse_width
 *fill*         0x2000026a        0x2 
 COMMON         0x2000026c       0xfc Menu\Src\menu.o
                0x2000026c                generator_init
                0x20000290                list_FSK
                0x200002b4                generator_change_param
                0x200002d8                list_generator
                0x200002fc                list_freq_meter
                0x20000320                generator_select_order
                0x20000344                list_PSK
 COMMON         0x20000368        0x4 Menu\Src\node.o
                0x20000368                node_ptr
 COMMON         0x2000036c       0x14 Menu\Src\view_tune_generator_cb.o
                0x2000036c                TEMP_AMPLITUDE
                0x20000374                TEMP_FORM
                0x20000378                TEMP_FREQ
 COMMON         0x20000380       0x54 Src\i2c.o
                0x20000380                hi2c1
 COMMON         0x200003d4       0x78 Src\tim.o
                0x200003d4                htim1
                0x20000410                htim2
 COMMON         0x2000044c       0x40 Src\usart.o
                0x2000044c                huart2
 COMMON         0x2000048c        0x4 c:/program files (x86)/atollic/truestudio for stm32 9.3.0/armtools/bin/../lib/gcc/arm-atollic-eabi/6.3.1/../../../../arm-atollic-eabi/lib/armv7e-m/fpu\libc_nano.a(lib_a-reent.o)
                0x2000048c                errno
                0x20000490                . = ALIGN (0x4)
                0x20000490                _ebss = .
                0x20000490                __bss_end__ = _ebss

._user_heap_stack
                0x20000490      0x600 load address 0x08006dc4
                0x20000490                . = ALIGN (0x4)
                0x20000490                PROVIDE (end, .)
                [!provide]                PROVIDE (_end, .)
                0x20000690                . = (. + _Min_Heap_Size)
 *fill*         0x20000490      0x200 
                0x20000a90                . = (. + _Min_Stack_Size)
 *fill*         0x20000690      0x400 
                0x20000a90                . = ALIGN (0x4)

/DISCARD/
 libc.a(*)
 libm.a(*)
 libgcc.a(*)

.ARM.attributes
                0x00000000       0x30
 *(.ARM.attributes)
 .ARM.attributes
                0x00000000       0x22 c:/program files (x86)/atollic/truestudio for stm32 9.3.0/armtools/bin/../lib/gcc/arm-atollic-eabi/6.3.1/armv7e-m/fpu/crti.o
 .ARM.attributes
                0x00000022       0x34 c:/program files (x86)/atollic/truestudio for stm32 9.3.0/armtools/bin/../lib/gcc/arm-atollic-eabi/6.3.1/armv7e-m/fpu/crtbegin.o
 .ARM.attributes
                0x00000056       0x39 AD9834\Src\AD9834.o
 .ARM.attributes
                0x0000008f       0x39 Drivers\STM32F4xx_HAL_Driver\Src\stm32f4xx_hal.o
 .ARM.attributes
                0x000000c8       0x39 Drivers\STM32F4xx_HAL_Driver\Src\stm32f4xx_hal_cortex.o
 .ARM.attributes
                0x00000101       0x39 Drivers\STM32F4xx_HAL_Driver\Src\stm32f4xx_hal_dma.o
 .ARM.attributes
                0x0000013a       0x39 Drivers\STM32F4xx_HAL_Driver\Src\stm32f4xx_hal_gpio.o
 .ARM.attributes
                0x00000173       0x39 Drivers\STM32F4xx_HAL_Driver\Src\stm32f4xx_hal_i2c.o
 .ARM.attributes
                0x000001ac       0x39 Drivers\STM32F4xx_HAL_Driver\Src\stm32f4xx_hal_rcc.o
 .ARM.attributes
                0x000001e5       0x39 Drivers\STM32F4xx_HAL_Driver\Src\stm32f4xx_hal_rcc_ex.o
 .ARM.attributes
                0x0000021e       0x39 Drivers\STM32F4xx_HAL_Driver\Src\stm32f4xx_hal_tim.o
 .ARM.attributes
                0x00000257       0x39 Drivers\STM32F4xx_HAL_Driver\Src\stm32f4xx_hal_tim_ex.o
 .ARM.attributes
                0x00000290       0x39 Drivers\STM32F4xx_HAL_Driver\Src\stm32f4xx_hal_uart.o
 .ARM.attributes
                0x000002c9       0x39 Menu\Src\event.o
 .ARM.attributes
                0x00000302       0x39 Menu\Src\menu.o
 .ARM.attributes
                0x0000033b       0x39 Menu\Src\node.o
 .ARM.attributes
                0x00000374       0x39 Menu\Src\rendering.o
 .ARM.attributes
                0x000003ad       0x39 Menu\Src\view_main_menu.o
 .ARM.attributes
                0x000003e6       0x39 Menu\Src\view_tune_generator_cb.o
 .ARM.attributes
                0x0000041f       0x39 Src\gpio.o
 .ARM.attributes
                0x00000458       0x39 Src\i2c.o
 .ARM.attributes
                0x00000491       0x39 Src\main.o
 .ARM.attributes
                0x000004ca       0x39 Src\stm32f4xx_hal_msp.o
 .ARM.attributes
                0x00000503       0x39 Src\stm32f4xx_it.o
 .ARM.attributes
                0x0000053c       0x39 Src\syscalls.o
 .ARM.attributes
                0x00000575       0x39 Src\system_stm32f4xx.o
 .ARM.attributes
                0x000005ae       0x39 Src\tim.o
 .ARM.attributes
                0x000005e7       0x39 Src\usart.o
 .ARM.attributes
                0x00000620       0x39 lcd_hd44780\Src\lcd_hd44780_i2c.o
 .ARM.attributes
                0x00000659       0x21 startup\startup_stm32f446xx.o
 .ARM.attributes
                0x0000067a       0x34 c:/program files (x86)/atollic/truestudio for stm32 9.3.0/armtools/bin/../lib/gcc/arm-atollic-eabi/6.3.1/../../../../arm-atollic-eabi/lib/armv7e-m/fpu\libc_nano.a(lib_a-init.o)
 .ARM.attributes
                0x000006ae       0x34 c:/program files (x86)/atollic/truestudio for stm32 9.3.0/armtools/bin/../lib/gcc/arm-atollic-eabi/6.3.1/../../../../arm-atollic-eabi/lib/armv7e-m/fpu\libc_nano.a(lib_a-puts.o)
 .ARM.attributes
                0x000006e2       0x34 c:/program files (x86)/atollic/truestudio for stm32 9.3.0/armtools/bin/../lib/gcc/arm-atollic-eabi/6.3.1/../../../../arm-atollic-eabi/lib/armv7e-m/fpu\libc_nano.a(lib_a-reent.o)
 .ARM.attributes
                0x00000716       0x34 c:/program files (x86)/atollic/truestudio for stm32 9.3.0/armtools/bin/../lib/gcc/arm-atollic-eabi/6.3.1/../../../../arm-atollic-eabi/lib/armv7e-m/fpu\libc_nano.a(lib_a-snprintf.o)
 .ARM.attributes
                0x0000074a       0x34 c:/program files (x86)/atollic/truestudio for stm32 9.3.0/armtools/bin/../lib/gcc/arm-atollic-eabi/6.3.1/../../../../arm-atollic-eabi/lib/armv7e-m/fpu\libc_nano.a(lib_a-sscanf.o)
 .ARM.attributes
                0x0000077e       0x34 c:/program files (x86)/atollic/truestudio for stm32 9.3.0/armtools/bin/../lib/gcc/arm-atollic-eabi/6.3.1/../../../../arm-atollic-eabi/lib/armv7e-m/fpu\libc_nano.a(lib_a-stdio.o)
 .ARM.attributes
                0x000007b2       0x1b c:/program files (x86)/atollic/truestudio for stm32 9.3.0/armtools/bin/../lib/gcc/arm-atollic-eabi/6.3.1/../../../../arm-atollic-eabi/lib/armv7e-m/fpu\libc_nano.a(lib_a-strlen.o)
 .ARM.attributes
                0x000007cd       0x34 c:/program files (x86)/atollic/truestudio for stm32 9.3.0/armtools/bin/../lib/gcc/arm-atollic-eabi/6.3.1/../../../../arm-atollic-eabi/lib/armv7e-m/fpu\libc_nano.a(lib_a-wbuf.o)
 .ARM.attributes
                0x00000801       0x34 c:/program files (x86)/atollic/truestudio for stm32 9.3.0/armtools/bin/../lib/gcc/arm-atollic-eabi/6.3.1/../../../../arm-atollic-eabi/lib/armv7e-m/fpu\libc_nano.a(lib_a-writer.o)
 .ARM.attributes
                0x00000835       0x34 c:/program files (x86)/atollic/truestudio for stm32 9.3.0/armtools/bin/../lib/gcc/arm-atollic-eabi/6.3.1/../../../../arm-atollic-eabi/lib/armv7e-m/fpu\libc_nano.a(lib_a-wsetup.o)
 .ARM.attributes
                0x00000869       0x34 c:/program files (x86)/atollic/truestudio for stm32 9.3.0/armtools/bin/../lib/gcc/arm-atollic-eabi/6.3.1/../../../../arm-atollic-eabi/lib/armv7e-m/fpu\libc_nano.a(lib_a-closer.o)
 .ARM.attributes
                0x0000089d       0x34 c:/program files (x86)/atollic/truestudio for stm32 9.3.0/armtools/bin/../lib/gcc/arm-atollic-eabi/6.3.1/../../../../arm-atollic-eabi/lib/armv7e-m/fpu\libc_nano.a(lib_a-fflush.o)
 .ARM.attributes
                0x000008d1       0x34 c:/program files (x86)/atollic/truestudio for stm32 9.3.0/armtools/bin/../lib/gcc/arm-atollic-eabi/6.3.1/../../../../arm-atollic-eabi/lib/armv7e-m/fpu\libc_nano.a(lib_a-findfp.o)
 .ARM.attributes
                0x00000905       0x34 c:/program files (x86)/atollic/truestudio for stm32 9.3.0/armtools/bin/../lib/gcc/arm-atollic-eabi/6.3.1/../../../../arm-atollic-eabi/lib/armv7e-m/fpu\libc_nano.a(lib_a-fwalk.o)
 .ARM.attributes
                0x00000939       0x34 c:/program files (x86)/atollic/truestudio for stm32 9.3.0/armtools/bin/../lib/gcc/arm-atollic-eabi/6.3.1/../../../../arm-atollic-eabi/lib/armv7e-m/fpu\libc_nano.a(lib_a-impure.o)
 .ARM.attributes
                0x0000096d       0x34 c:/program files (x86)/atollic/truestudio for stm32 9.3.0/armtools/bin/../lib/gcc/arm-atollic-eabi/6.3.1/../../../../arm-atollic-eabi/lib/armv7e-m/fpu\libc_nano.a(lib_a-lseekr.o)
 .ARM.attributes
                0x000009a1       0x34 c:/program files (x86)/atollic/truestudio for stm32 9.3.0/armtools/bin/../lib/gcc/arm-atollic-eabi/6.3.1/../../../../arm-atollic-eabi/lib/armv7e-m/fpu\libc_nano.a(lib_a-makebuf.o)
 .ARM.attributes
                0x000009d5       0x34 c:/program files (x86)/atollic/truestudio for stm32 9.3.0/armtools/bin/../lib/gcc/arm-atollic-eabi/6.3.1/../../../../arm-atollic-eabi/lib/armv7e-m/fpu\libc_nano.a(lib_a-memset.o)
 .ARM.attributes
                0x00000a09       0x34 c:/program files (x86)/atollic/truestudio for stm32 9.3.0/armtools/bin/../lib/gcc/arm-atollic-eabi/6.3.1/../../../../arm-atollic-eabi/lib/armv7e-m/fpu\libc_nano.a(lib_a-nano-freer.o)
 .ARM.attributes
                0x00000a3d       0x34 c:/program files (x86)/atollic/truestudio for stm32 9.3.0/armtools/bin/../lib/gcc/arm-atollic-eabi/6.3.1/../../../../arm-atollic-eabi/lib/armv7e-m/fpu\libc_nano.a(lib_a-nano-mallocr.o)
 .ARM.attributes
                0x00000a71       0x34 c:/program files (x86)/atollic/truestudio for stm32 9.3.0/armtools/bin/../lib/gcc/arm-atollic-eabi/6.3.1/../../../../arm-atollic-eabi/lib/armv7e-m/fpu\libc_nano.a(lib_a-nano-svfprintf.o)
 .ARM.attributes
                0x00000aa5       0x34 c:/program files (x86)/atollic/truestudio for stm32 9.3.0/armtools/bin/../lib/gcc/arm-atollic-eabi/6.3.1/../../../../arm-atollic-eabi/lib/armv7e-m/fpu\libc_nano.a(lib_a-nano-svfscanf.o)
 .ARM.attributes
                0x00000ad9       0x34 c:/program files (x86)/atollic/truestudio for stm32 9.3.0/armtools/bin/../lib/gcc/arm-atollic-eabi/6.3.1/../../../../arm-atollic-eabi/lib/armv7e-m/fpu\libc_nano.a(lib_a-nano-vfprintf_i.o)
 .ARM.attributes
                0x00000b0d       0x34 c:/program files (x86)/atollic/truestudio for stm32 9.3.0/armtools/bin/../lib/gcc/arm-atollic-eabi/6.3.1/../../../../arm-atollic-eabi/lib/armv7e-m/fpu\libc_nano.a(lib_a-nano-vfscanf_i.o)
 .ARM.attributes
                0x00000b41       0x34 c:/program files (x86)/atollic/truestudio for stm32 9.3.0/armtools/bin/../lib/gcc/arm-atollic-eabi/6.3.1/../../../../arm-atollic-eabi/lib/armv7e-m/fpu\libc_nano.a(lib_a-readr.o)
 .ARM.attributes
                0x00000b75       0x34 c:/program files (x86)/atollic/truestudio for stm32 9.3.0/armtools/bin/../lib/gcc/arm-atollic-eabi/6.3.1/../../../../arm-atollic-eabi/lib/armv7e-m/fpu\libc_nano.a(lib_a-sbrkr.o)
 .ARM.attributes
                0x00000ba9       0x34 c:/program files (x86)/atollic/truestudio for stm32 9.3.0/armtools/bin/../lib/gcc/arm-atollic-eabi/6.3.1/../../../../arm-atollic-eabi/lib/armv7e-m/fpu\libc_nano.a(lib_a-sccl.o)
 .ARM.attributes
                0x00000bdd       0x34 c:/program files (x86)/atollic/truestudio for stm32 9.3.0/armtools/bin/../lib/gcc/arm-atollic-eabi/6.3.1/../../../../arm-atollic-eabi/lib/armv7e-m/fpu\libc_nano.a(lib_a-strtol.o)
 .ARM.attributes
                0x00000c11       0x34 c:/program files (x86)/atollic/truestudio for stm32 9.3.0/armtools/bin/../lib/gcc/arm-atollic-eabi/6.3.1/../../../../arm-atollic-eabi/lib/armv7e-m/fpu\libc_nano.a(lib_a-strtoul.o)
 .ARM.attributes
                0x00000c45       0x34 c:/program files (x86)/atollic/truestudio for stm32 9.3.0/armtools/bin/../lib/gcc/arm-atollic-eabi/6.3.1/../../../../arm-atollic-eabi/lib/armv7e-m/fpu\libc_nano.a(lib_a-ungetc.o)
 .ARM.attributes
                0x00000c79       0x34 c:/program files (x86)/atollic/truestudio for stm32 9.3.0/armtools/bin/../lib/gcc/arm-atollic-eabi/6.3.1/../../../../arm-atollic-eabi/lib/armv7e-m/fpu\libc_nano.a(lib_a-fstatr.o)
 .ARM.attributes
                0x00000cad       0x34 c:/program files (x86)/atollic/truestudio for stm32 9.3.0/armtools/bin/../lib/gcc/arm-atollic-eabi/6.3.1/../../../../arm-atollic-eabi/lib/armv7e-m/fpu\libc_nano.a(lib_a-isattyr.o)
 .ARM.attributes
                0x00000ce1       0x34 c:/program files (x86)/atollic/truestudio for stm32 9.3.0/armtools/bin/../lib/gcc/arm-atollic-eabi/6.3.1/../../../../arm-atollic-eabi/lib/armv7e-m/fpu\libc_nano.a(lib_a-locale.o)
 .ARM.attributes
                0x00000d15       0x34 c:/program files (x86)/atollic/truestudio for stm32 9.3.0/armtools/bin/../lib/gcc/arm-atollic-eabi/6.3.1/../../../../arm-atollic-eabi/lib/armv7e-m/fpu\libc_nano.a(lib_a-mbtowc_r.o)
 .ARM.attributes
                0x00000d49       0x20 c:/program files (x86)/atollic/truestudio for stm32 9.3.0/armtools/bin/../lib/gcc/arm-atollic-eabi/6.3.1/../../../../arm-atollic-eabi/lib/armv7e-m/fpu\libc_nano.a(lib_a-memchr.o)
 .ARM.attributes
                0x00000d69       0x34 c:/program files (x86)/atollic/truestudio for stm32 9.3.0/armtools/bin/../lib/gcc/arm-atollic-eabi/6.3.1/../../../../arm-atollic-eabi/lib/armv7e-m/fpu\libc_nano.a(lib_a-memcpy-stub.o)
 .ARM.attributes
                0x00000d9d       0x34 c:/program files (x86)/atollic/truestudio for stm32 9.3.0/armtools/bin/../lib/gcc/arm-atollic-eabi/6.3.1/../../../../arm-atollic-eabi/lib/armv7e-m/fpu\libc_nano.a(lib_a-memmove.o)
 .ARM.attributes
                0x00000dd1       0x34 c:/program files (x86)/atollic/truestudio for stm32 9.3.0/armtools/bin/../lib/gcc/arm-atollic-eabi/6.3.1/../../../../arm-atollic-eabi/lib/armv7e-m/fpu\libc_nano.a(lib_a-mlock.o)
 .ARM.attributes
                0x00000e05       0x34 c:/program files (x86)/atollic/truestudio for stm32 9.3.0/armtools/bin/../lib/gcc/arm-atollic-eabi/6.3.1/../../../../arm-atollic-eabi/lib/armv7e-m/fpu\libc_nano.a(lib_a-nano-reallocr.o)
 .ARM.attributes
                0x00000e39       0x34 c:/program files (x86)/atollic/truestudio for stm32 9.3.0/armtools/bin/../lib/gcc/arm-atollic-eabi/6.3.1/../../../../arm-atollic-eabi/lib/armv7e-m/fpu\libc_nano.a(lib_a-wctomb_r.o)
 .ARM.attributes
                0x00000e6d       0x34 c:/program files (x86)/atollic/truestudio for stm32 9.3.0/armtools/bin/../lib/gcc/arm-atollic-eabi/6.3.1/../../../../arm-atollic-eabi/lib/armv7e-m/fpu\libc_nano.a(lib_a-ctype_.o)
 .ARM.attributes
                0x00000ea1       0x34 c:/program files (x86)/atollic/truestudio for stm32 9.3.0/armtools/bin/../lib/gcc/arm-atollic-eabi/6.3.1/../../../../arm-atollic-eabi/lib/armv7e-m/fpu\libc_nano.a(lib_a-nano-msizer.o)
 .ARM.attributes
                0x00000ed5       0x34 c:/program files (x86)/atollic/truestudio for stm32 9.3.0/armtools/bin/../lib/gcc/arm-atollic-eabi/6.3.1/../../../../arm-atollic-eabi/lib/armv7e-m/fpu\libm.a(lib_a-w_pow.o)
 .ARM.attributes
                0x00000f09       0x34 c:/program files (x86)/atollic/truestudio for stm32 9.3.0/armtools/bin/../lib/gcc/arm-atollic-eabi/6.3.1/../../../../arm-atollic-eabi/lib/armv7e-m/fpu\libm.a(lib_a-e_pow.o)
 .ARM.attributes
                0x00000f3d       0x34 c:/program files (x86)/atollic/truestudio for stm32 9.3.0/armtools/bin/../lib/gcc/arm-atollic-eabi/6.3.1/../../../../arm-atollic-eabi/lib/armv7e-m/fpu\libm.a(lib_a-e_sqrt.o)
 .ARM.attributes
                0x00000f71       0x34 c:/program files (x86)/atollic/truestudio for stm32 9.3.0/armtools/bin/../lib/gcc/arm-atollic-eabi/6.3.1/../../../../arm-atollic-eabi/lib/armv7e-m/fpu\libm.a(lib_a-s_fabs.o)
 .ARM.attributes
                0x00000fa5       0x34 c:/program files (x86)/atollic/truestudio for stm32 9.3.0/armtools/bin/../lib/gcc/arm-atollic-eabi/6.3.1/../../../../arm-atollic-eabi/lib/armv7e-m/fpu\libm.a(lib_a-s_finite.o)
 .ARM.attributes
                0x00000fd9       0x34 c:/program files (x86)/atollic/truestudio for stm32 9.3.0/armtools/bin/../lib/gcc/arm-atollic-eabi/6.3.1/../../../../arm-atollic-eabi/lib/armv7e-m/fpu\libm.a(lib_a-s_lib_ver.o)
 .ARM.attributes
                0x0000100d       0x34 c:/program files (x86)/atollic/truestudio for stm32 9.3.0/armtools/bin/../lib/gcc/arm-atollic-eabi/6.3.1/../../../../arm-atollic-eabi/lib/armv7e-m/fpu\libm.a(lib_a-s_matherr.o)
 .ARM.attributes
                0x00001041       0x34 c:/program files (x86)/atollic/truestudio for stm32 9.3.0/armtools/bin/../lib/gcc/arm-atollic-eabi/6.3.1/../../../../arm-atollic-eabi/lib/armv7e-m/fpu\libm.a(lib_a-s_nan.o)
 .ARM.attributes
                0x00001075       0x34 c:/program files (x86)/atollic/truestudio for stm32 9.3.0/armtools/bin/../lib/gcc/arm-atollic-eabi/6.3.1/../../../../arm-atollic-eabi/lib/armv7e-m/fpu\libm.a(lib_a-s_rint.o)
 .ARM.attributes
                0x000010a9       0x34 c:/program files (x86)/atollic/truestudio for stm32 9.3.0/armtools/bin/../lib/gcc/arm-atollic-eabi/6.3.1/../../../../arm-atollic-eabi/lib/armv7e-m/fpu\libm.a(lib_a-s_scalbn.o)
 .ARM.attributes
                0x000010dd       0x34 c:/program files (x86)/atollic/truestudio for stm32 9.3.0/armtools/bin/../lib/gcc/arm-atollic-eabi/6.3.1/../../../../arm-atollic-eabi/lib/armv7e-m/fpu\libm.a(lib_a-s_copysign.o)
 .ARM.attributes
                0x00001111       0x34 c:/program files (x86)/atollic/truestudio for stm32 9.3.0/armtools/bin/../lib/gcc/arm-atollic-eabi/6.3.1/../../../../arm-atollic-eabi/lib/armv7e-m/fpu\libc_nano.a(lib_a-errno.o)
 .ARM.attributes
                0x00001145       0x22 c:/program files (x86)/atollic/truestudio for stm32 9.3.0/armtools/bin/../lib/gcc/arm-atollic-eabi/6.3.1/armv7e-m/fpu\libgcc.a(_arm_addsubdf3.o)
 .ARM.attributes
                0x00001167       0x22 c:/program files (x86)/atollic/truestudio for stm32 9.3.0/armtools/bin/../lib/gcc/arm-atollic-eabi/6.3.1/armv7e-m/fpu\libgcc.a(_arm_muldivdf3.o)
 .ARM.attributes
                0x00001189       0x22 c:/program files (x86)/atollic/truestudio for stm32 9.3.0/armtools/bin/../lib/gcc/arm-atollic-eabi/6.3.1/armv7e-m/fpu\libgcc.a(_arm_cmpdf2.o)
 .ARM.attributes
                0x000011ab       0x22 c:/program files (x86)/atollic/truestudio for stm32 9.3.0/armtools/bin/../lib/gcc/arm-atollic-eabi/6.3.1/armv7e-m/fpu\libgcc.a(_arm_unorddf2.o)
 .ARM.attributes
                0x000011cd       0x22 c:/program files (x86)/atollic/truestudio for stm32 9.3.0/armtools/bin/../lib/gcc/arm-atollic-eabi/6.3.1/armv7e-m/fpu\libgcc.a(_arm_truncdfsf2.o)
 .ARM.attributes
                0x000011ef       0x22 c:/program files (x86)/atollic/truestudio for stm32 9.3.0/armtools/bin/../lib/gcc/arm-atollic-eabi/6.3.1/armv7e-m/fpu\libgcc.a(_aeabi_uldivmod.o)
 .ARM.attributes
                0x00001211       0x34 c:/program files (x86)/atollic/truestudio for stm32 9.3.0/armtools/bin/../lib/gcc/arm-atollic-eabi/6.3.1/armv7e-m/fpu\libgcc.a(_udivmoddi4.o)
 .ARM.attributes
                0x00001245       0x22 c:/program files (x86)/atollic/truestudio for stm32 9.3.0/armtools/bin/../lib/gcc/arm-atollic-eabi/6.3.1/armv7e-m/fpu\libgcc.a(_dvmd_tls.o)
 .ARM.attributes
                0x00001267       0x22 c:/program files (x86)/atollic/truestudio for stm32 9.3.0/armtools/bin/../lib/gcc/arm-atollic-eabi/6.3.1/armv7e-m/fpu/crtn.o
OUTPUT(MENU.elf elf32-littlearm)

.debug_info     0x00000000    0x2478e
 .debug_info    0x00000000      0xd44 AD9834\Src\AD9834.o
 .debug_info    0x00000d44     0x123e Drivers\STM32F4xx_HAL_Driver\Src\stm32f4xx_hal.o
 .debug_info    0x00001f82     0x1762 Drivers\STM32F4xx_HAL_Driver\Src\stm32f4xx_hal_cortex.o
 .debug_info    0x000036e4     0x125c Drivers\STM32F4xx_HAL_Driver\Src\stm32f4xx_hal_dma.o
 .debug_info    0x00004940      0xfd6 Drivers\STM32F4xx_HAL_Driver\Src\stm32f4xx_hal_gpio.o
 .debug_info    0x00005916     0x3799 Drivers\STM32F4xx_HAL_Driver\Src\stm32f4xx_hal_i2c.o
 .debug_info    0x000090af     0x12a9 Drivers\STM32F4xx_HAL_Driver\Src\stm32f4xx_hal_rcc.o
 .debug_info    0x0000a358     0x13fa Drivers\STM32F4xx_HAL_Driver\Src\stm32f4xx_hal_rcc_ex.o
 .debug_info    0x0000b752     0x3ba2 Drivers\STM32F4xx_HAL_Driver\Src\stm32f4xx_hal_tim.o
 .debug_info    0x0000f2f4     0x19a5 Drivers\STM32F4xx_HAL_Driver\Src\stm32f4xx_hal_tim_ex.o
 .debug_info    0x00010c99     0x1ea3 Drivers\STM32F4xx_HAL_Driver\Src\stm32f4xx_hal_uart.o
 .debug_info    0x00012b3c      0xf5b Menu\Src\event.o
 .debug_info    0x00013a97     0x1634 Menu\Src\menu.o
 .debug_info    0x000150cb      0xb7c Menu\Src\node.o
 .debug_info    0x00015c47      0xa5a Menu\Src\rendering.o
 .debug_info    0x000166a1      0xc15 Menu\Src\view_main_menu.o
 .debug_info    0x000172b6     0x1517 Menu\Src\view_tune_generator_cb.o
 .debug_info    0x000187cd      0xf98 Src\gpio.o
 .debug_info    0x00019765     0x14fc Src\i2c.o
 .debug_info    0x0001ac61     0x1b4c Src\main.o
 .debug_info    0x0001c7ad      0xea5 Src\stm32f4xx_hal_msp.o
 .debug_info    0x0001d652     0x1204 Src\stm32f4xx_it.o
 .debug_info    0x0001e856     0x132b Src\syscalls.o
 .debug_info    0x0001fb81      0xd50 Src\system_stm32f4xx.o
 .debug_info    0x000208d1     0x1857 Src\tim.o
 .debug_info    0x00022128     0x11b0 Src\usart.o
 .debug_info    0x000232d8     0x145c lcd_hd44780\Src\lcd_hd44780_i2c.o
 .debug_info    0x00024734       0x5a startup\startup_stm32f446xx.o

.debug_abbrev   0x00000000     0x485f